<html>
<body>
<pre>
<h1>礦ision Build Log</h1>
<h2>Tool Versions:</h2>
IDE-Version: μVision V5.14.0.0
Copyright (C) 2015 ARM Ltd and ARM Germany GmbH. All rights reserved.
License Information: Y G, C, LIC=76FZ9-41QSF-MLVCI-T3MSJ-J4CUV-YWS19
 
Tool Versions:
Toolchain:       MDK-ARM Standard  Version: 5.14.0.0
Toolchain Path:  D:\Program Files\Keil_v5\ARM\ARMCC\Bin
C Compiler:      Armcc.exe V5.05 update 1 (build 106)
Assembler:       Armasm.exe V5.05 update 1 (build 106)
Linker/Locator:  ArmLink.exe V5.05 update 1 (build 106)
Library Manager: ArmAr.exe V5.05 update 1 (build 106)
Hex Converter:   FromElf.exe V5.05 update 1 (build 106)
CPU DLL:         SARMCM3.DLL V5.14.0.0
Dialog DLL:      DCM.DLL V1.13.1.0
Target DLL:      Segger\JL2CM3.dll V2.99.13.0
Dialog DLL:      TCM.DLL V1.14.4.0
 
<h2>Project:</h2>
E:\常熟理工\软件\四轴相关\MyQuadrotor - 大四轴飞控板\OBJ\MyQuadrotor.uvprojx
Project File Date:  03/19/2015

<h2>Output:</h2>
Build target 'Quadrotor'
compiling main.c...
compiling stm32f10x_it.c...
compiling system_stm32f10x.c...
compiling Control.c...
compiling Data_Transfer.c...
compiling AHRS_IMU.c...
compiling Rc.c...
compiling MPU6050.c...
compiling HMC5883L.c...
compiling NRF24L01.c...
compiling MS5611.c...
compiling motors.c...
..\BSP\Motors\motors.c(131): warning:  #1-D: last line of file ends without a newline
  }
..\BSP\Motors\motors.c: 1 warning, 0 errors
compiling TIM_IN.C...
..\BSP\TIM_IN\TIM_IN.C(87): warning:  #1-D: last line of file ends without a newline
  }
..\BSP\TIM_IN\TIM_IN.C: 1 warning, 0 errors
compiling Timer.c...
compiling Analog_IIC.c...
compiling Led.c...
compiling Systick.c...
compiling Usart.c...
compiling eeprom.c...
..\BSP\EEPROM\eeprom.c(123): warning:  #167-D: argument of type "int16_t *" is incompatible with parameter of type "uint16_t *"
        EE_ReadVariable(VirtAddVarTab[EE_6050_ACC_X_OFFSET_ADDR], &ACC_OFFSET.X);
..\BSP\EEPROM\eeprom.c(124): warning:  #167-D: argument of type "int16_t *" is incompatible with parameter of type "uint16_t *"
        EE_ReadVariable(VirtAddVarTab[EE_6050_ACC_Y_OFFSET_ADDR], &ACC_OFFSET.Y);
..\BSP\EEPROM\eeprom.c(125): warning:  #167-D: argument of type "int16_t *" is incompatible with parameter of type "uint16_t *"
        EE_ReadVariable(VirtAddVarTab[EE_6050_ACC_Z_OFFSET_ADDR], &ACC_OFFSET.Z);
..\BSP\EEPROM\eeprom.c(135): warning:  #167-D: argument of type "int16_t *" is incompatible with parameter of type "uint16_t *"
        EE_ReadVariable(VirtAddVarTab[EE_6050_GYRO_X_OFFSET_ADDR], &GYRO_OFFSET.X);
..\BSP\EEPROM\eeprom.c(136): warning:  #167-D: argument of type "int16_t *" is incompatible with parameter of type "uint16_t *"
        EE_ReadVariable(VirtAddVarTab[EE_6050_GYRO_Y_OFFSET_ADDR], &GYRO_OFFSET.Y);
..\BSP\EEPROM\eeprom.c(137): warning:  #167-D: argument of type "int16_t *" is incompatible with parameter of type "uint16_t *"
        EE_ReadVariable(VirtAddVarTab[EE_6050_GYRO_Z_OFFSET_ADDR], &GYRO_OFFSET.Z);
..\BSP\EEPROM\eeprom.c: 6 warnings, 0 errors
compiling ADC.c...
compiling sys.c...
compiling delay.c...
compiling core_cm3.c...
assembling startup_stm32f10x_md.s...
compiling misc.c...
compiling stm32f10x_usart.c...
compiling stm32f10x_tim.c...
compiling stm32f10x_rcc.c...
compiling stm32f10x_i2c.c...
compiling stm32f10x_gpio.c...
compiling stm32f10x_flash.c...
compiling stm32f10x_adc.c...
compiling stm32f10x_dma.c...
compiling stm32f10x_spi.c...
linking...
Program Size: Code=27988 RO-data=644 RW-data=420 ZI-data=2740  
".\Objects\MyQuadrotor.axf" - 0 Error(s), 8 Warning(s).

<h2>Collection of Component include folders:</h2>
  E:\常熟理工\软件\四轴相关\MyQuadrotor - 大四轴飞控板\OBJ\RTE
  D:\Program Files\Keil_v5\ARM\PACK\Keil\STM32F1xx_DFP\1.1.0\Device\Include

<h2>Collection of Component Files used:</h2>
</pre>
</body>
</html>
