Component: ARM Compiler 5.05 update 1 (build 106) Tool: armlink [4d0efa]

==============================================================================

Section Cross References

    main.o(i.SYS_INIT) refers to system_stm32f10x.o(i.SystemInit) for SystemInit
    main.o(i.SYS_INIT) refers to systick.o(i.SysTick_Init) for SysTick_Init
    main.o(i.SYS_INIT) refers to led.o(i.LED_GPIO_Config) for LED_GPIO_Config
    main.o(i.SYS_INIT) refers to systick.o(i.Delay_ms) for Delay_ms
    main.o(i.SYS_INIT) refers to stm32f10x_gpio.o(i.GPIO_ResetBits) for GPIO_ResetBits
    main.o(i.SYS_INIT) refers to motors.o(i.motorsInit) for motorsInit
    main.o(i.SYS_INIT) refers to analog_iic.o(i.I2C_GPIO_Config) for I2C_GPIO_Config
    main.o(i.SYS_INIT) refers to mpu6050.o(i.MPU6050_Init) for MPU6050_Init
    main.o(i.SYS_INIT) refers to tim_in.o(i.Tim_Pwm_In_Init) for Tim_Pwm_In_Init
    main.o(i.SYS_INIT) refers to timer.o(i.Tim3_Init) for Tim3_Init
    main.o(i.main) refers to main.o(i.SYS_INIT) for SYS_INIT
    main.o(i.main) refers to tim_in.o(i.Rc_GetValue) for Rc_GetValue
    main.o(i.main) refers to rc.o(i.Rc_Fun) for Rc_Fun
    main.o(i.main) refers to mpu6050.o(i.MPU6050_Dataanl) for MPU6050_Dataanl
    main.o(i.main) refers to ahrs_imu.o(i.Prepare_Data) for Prepare_Data
    main.o(i.main) refers to ahrs_imu.o(i.IMUupdate) for IMUupdate
    main.o(i.main) refers to control.o(i.Control) for Control
    main.o(i.main) refers to main.o(.data) for FLAG_ATT
    main.o(i.main) refers to main.o(.bss) for Rc_D
    main.o(i.main) refers to data_transfer.o(.data) for Send_Senser
    stm32f10x_it.o(i.SysTick_Handler) refers to systick.o(i.TimingDelay_Decrement) for TimingDelay_Decrement
    stm32f10x_it.o(i.SysTick_Handler) refers to led.o(i.LED_Spark) for LED_Spark
    stm32f10x_it.o(i.SysTick_Handler) refers to stm32f10x_gpio.o(i.GPIO_ResetBits) for GPIO_ResetBits
    stm32f10x_it.o(i.SysTick_Handler) refers to stm32f10x_gpio.o(i.GPIO_SetBits) for GPIO_SetBits
    stm32f10x_it.o(i.SysTick_Handler) refers to stm32f10x_it.o(.data) for STick_IRQCNT
    stm32f10x_it.o(i.TIM3_IRQHandler) refers to mpu6050.o(i.MPU6050_Read) for MPU6050_Read
    stm32f10x_it.o(i.TIM3_IRQHandler) refers to ms5611.o(i.MS5611_loop) for MS5611_loop
    stm32f10x_it.o(i.TIM3_IRQHandler) refers to data_transfer.o(i.Data_Exchange) for Data_Exchange
    stm32f10x_it.o(i.TIM3_IRQHandler) refers to stm32f10x_it.o(.data) for ms1_cnt
    stm32f10x_it.o(i.TIM3_IRQHandler) refers to main.o(.data) for FLAG_ATT
    stm32f10x_it.o(i.TIM4_IRQHandler) refers to stm32f10x_tim.o(i.TIM_GetITStatus) for TIM_GetITStatus
    stm32f10x_it.o(i.TIM4_IRQHandler) refers to stm32f10x_tim.o(i.TIM_ClearITPendingBit) for TIM_ClearITPendingBit
    stm32f10x_it.o(i.TIM4_IRQHandler) refers to stm32f10x_tim.o(i.TIM_GetCapture1) for TIM_GetCapture1
    stm32f10x_it.o(i.TIM4_IRQHandler) refers to stm32f10x_tim.o(i.TIM_OC1PolarityConfig) for TIM_OC1PolarityConfig
    stm32f10x_it.o(i.TIM4_IRQHandler) refers to stm32f10x_tim.o(i.TIM_GetCapture2) for TIM_GetCapture2
    stm32f10x_it.o(i.TIM4_IRQHandler) refers to stm32f10x_tim.o(i.TIM_OC2PolarityConfig) for TIM_OC2PolarityConfig
    stm32f10x_it.o(i.TIM4_IRQHandler) refers to stm32f10x_tim.o(i.TIM_GetCapture3) for TIM_GetCapture3
    stm32f10x_it.o(i.TIM4_IRQHandler) refers to stm32f10x_tim.o(i.TIM_OC3PolarityConfig) for TIM_OC3PolarityConfig
    stm32f10x_it.o(i.TIM4_IRQHandler) refers to stm32f10x_tim.o(i.TIM_GetCapture4) for TIM_GetCapture4
    stm32f10x_it.o(i.TIM4_IRQHandler) refers to stm32f10x_tim.o(i.TIM_OC4PolarityConfig) for TIM_OC4PolarityConfig
    stm32f10x_it.o(i.TIM4_IRQHandler) refers to tim_in.o(i.Rc_DataAnl) for Rc_DataAnl
    stm32f10x_it.o(i.TIM4_IRQHandler) refers to stm32f10x_it.o(.data) for TIM4CH1_CAPTURE_STA
    stm32f10x_it.o(i.TIM4_IRQHandler) refers to tim_in.o(.data) for Rc_Pwm_In
    stm32f10x_it.o(i.USART1_IRQHandler) refers to stm32f10x_usart.o(i.USART_GetFlagStatus) for USART_GetFlagStatus
    stm32f10x_it.o(i.USART1_IRQHandler) refers to stm32f10x_usart.o(i.USART_ReceiveData) for USART_ReceiveData
    stm32f10x_it.o(i.USART1_IRQHandler) refers to data_transfer.o(i.Data_Receive_Anl) for Data_Receive_Anl
    stm32f10x_it.o(i.USART1_IRQHandler) refers to stm32f10x_it.o(.data) for TxCounter
    stm32f10x_it.o(i.USART1_IRQHandler) refers to stm32f10x_it.o(.bss) for TxBuffer
    system_stm32f10x.o(i.SetSysClock) refers to system_stm32f10x.o(i.SetSysClockTo72) for SetSysClockTo72
    system_stm32f10x.o(i.SystemCoreClockUpdate) refers to system_stm32f10x.o(.data) for SystemCoreClock
    system_stm32f10x.o(i.SystemInit) refers to system_stm32f10x.o(i.SetSysClock) for SetSysClock
    control.o(i.Control) refers to fflt_clz.o(x$fpl$fflt) for __aeabi_i2f
    control.o(i.Control) refers to faddsub_clz.o(x$fpl$frsb) for __aeabi_frsub
    control.o(i.Control) refers to faddsub_clz.o(x$fpl$fadd) for __aeabi_fadd
    control.o(i.Control) refers to frleqf.o(x$fpl$frleqf) for __aeabi_cfrcmple
[...]
    i.TIM_ICInit                             0x08003c68   Section        0  stm32f10x_tim.o(i.TIM_ICInit)
    i.TIM_ITConfig                           0x08003d14   Section        0  stm32f10x_tim.o(i.TIM_ITConfig)
    i.TIM_OC1Init                            0x08003d28   Section        0  stm32f10x_tim.o(i.TIM_OC1Init)
    i.TIM_OC1PolarityConfig                  0x08003dc0   Section        0  stm32f10x_tim.o(i.TIM_OC1PolarityConfig)
    i.TIM_OC1PreloadConfig                   0x08003dd2   Section        0  stm32f10x_tim.o(i.TIM_OC1PreloadConfig)
    i.TIM_OC2Init                            0x08003de4   Section        0  stm32f10x_tim.o(i.TIM_OC2Init)
    i.TIM_OC2PolarityConfig                  0x08003e88   Section        0  stm32f10x_tim.o(i.TIM_OC2PolarityConfig)
    i.TIM_OC2PreloadConfig                   0x08003ea2   Section        0  stm32f10x_tim.o(i.TIM_OC2PreloadConfig)
    i.TIM_OC3PolarityConfig                  0x08003ebc   Section        0  stm32f10x_tim.o(i.TIM_OC3PolarityConfig)
    i.TIM_OC4Init                            0x08003ed8   Section        0  stm32f10x_tim.o(i.TIM_OC4Init)
    i.TIM_OC4PolarityConfig                  0x08003f54   Section        0  stm32f10x_tim.o(i.TIM_OC4PolarityConfig)
    i.TIM_OC4PreloadConfig                   0x08003f6e   Section        0  stm32f10x_tim.o(i.TIM_OC4PreloadConfig)
    i.TIM_SetIC1Prescaler                    0x08003f88   Section        0  stm32f10x_tim.o(i.TIM_SetIC1Prescaler)
    i.TIM_SetIC2Prescaler                    0x08003f9a   Section        0  stm32f10x_tim.o(i.TIM_SetIC2Prescaler)
    i.TIM_SetIC3Prescaler                    0x08003fb4   Section        0  stm32f10x_tim.o(i.TIM_SetIC3Prescaler)
    i.TIM_SetIC4Prescaler                    0x08003fc6   Section        0  stm32f10x_tim.o(i.TIM_SetIC4Prescaler)
    i.TIM_TimeBaseInit                       0x08003fe0   Section        0  stm32f10x_tim.o(i.TIM_TimeBaseInit)
    i.Tim1_init                              0x08004084   Section        0  motors.o(i.Tim1_init)
    i.Tim2_init                              0x0800411c   Section        0  motors.o(i.Tim2_init)
    i.Tim3_Init                              0x080041b0   Section        0  timer.o(i.Tim3_Init)
    i.Tim_Pwm_In_Init                        0x08004218   Section        0  tim_in.o(i.Tim_Pwm_In_Init)
    i.TimingDelay_Decrement                  0x08004354   Section        0  systick.o(i.TimingDelay_Decrement)
    i.USART1_IRQHandler                      0x0800436c   Section        0  stm32f10x_it.o(i.USART1_IRQHandler)
    i.USART_GetFlagStatus                    0x080044bc   Section        0  stm32f10x_usart.o(i.USART_GetFlagStatus)
    i.USART_ITConfig                         0x080044d6   Section        0  stm32f10x_usart.o(i.USART_ITConfig)
    i.USART_ReceiveData                      0x08004520   Section        0  stm32f10x_usart.o(i.USART_ReceiveData)
    i.Uart1_Put_Buf                          0x0800452c   Section        0  usart.o(i.Uart1_Put_Buf)
    i.UsageFault_Handler                     0x08004578   Section        0  stm32f10x_it.o(i.UsageFault_Handler)
    i.__ARM_fpclassify                       0x0800457c   Section        0  fpclassify.o(i.__ARM_fpclassify)
    i.__kernel_poly                          0x080045a4   Section        0  poly.o(i.__kernel_poly)
    i.__mathlib_dbl_divzero                  0x08004650   Section        0  dunder.o(i.__mathlib_dbl_divzero)
    i.__mathlib_dbl_infnan                   0x08004660   Section        0  dunder.o(i.__mathlib_dbl_infnan)
    i.__mathlib_dbl_infnan2                  0x08004666   Section        0  dunder.o(i.__mathlib_dbl_infnan2)
    i.__mathlib_dbl_invalid                  0x0800466a   Section        0  dunder.o(i.__mathlib_dbl_invalid)
    i.__mathlib_dbl_overflow                 0x08004676   Section        0  dunder.o(i.__mathlib_dbl_overflow)
    i.__mathlib_dbl_underflow                0x08004684   Section        0  dunder.o(i.__mathlib_dbl_underflow)
    i.asin                                   0x08004694   Section        0  asin.o(i.asin)
    i.atan                                   0x08004904   Section        0  atan.o(i.atan)
    i.atan2                                  0x08004b24   Section        0  atan2.o(i.atan2)
    i.main                                   0x08004ca4   Section        0  main.o(i.main)
    i.motorsInit                             0x08004eac   Section        0  motors.o(i.motorsInit)
    i.pow                                    0x08004ee0   Section        0  pow.o(i.pow)
    i.sqrt                                   0x08005898   Section        0  sqrt.o(i.sqrt)
    x$fpl$d2f                                0x080058e4   Section       98  d2f.o(x$fpl$d2f)
    x$fpl$dadd                               0x08005948   Section      336  daddsub_clz.o(x$fpl$dadd)
    _dadd1                                   0x08005959   Thumb Code     0  daddsub_clz.o(x$fpl$dadd)
    x$fpl$dcheck1                            0x08005a98   Section       16  dcheck1.o(x$fpl$dcheck1)
    x$fpl$dcmpinf                            0x08005aa8   Section       24  dcmpi.o(x$fpl$dcmpinf)
    x$fpl$ddiv                               0x08005ac0   Section      688  ddiv.o(x$fpl$ddiv)
    ddiv_entry                               0x08005ac7   Thumb Code     0  ddiv.o(x$fpl$ddiv)
    x$fpl$dfix                               0x08005d70   Section       94  dfix.o(x$fpl$dfix)
    x$fpl$dflt                               0x08005dce   Section       46  dflt_clz.o(x$fpl$dflt)
    x$fpl$dfltll                             0x08005dfc   Section      162  dfltll_clz.o(x$fpl$dfltll)
    x$fpl$dfltu                              0x08005e9e   Section       38  dflt_clz.o(x$fpl$dfltu)
    x$fpl$dleqf                              0x08005ec4   Section      120  dleqf.o(x$fpl$dleqf)
    x$fpl$dmul                               0x08005f3c   Section      340  dmul.o(x$fpl$dmul)
    x$fpl$dnaninf                            0x08006090   Section      156  dnaninf.o(x$fpl$dnaninf)
    x$fpl$dretinf                            0x0800612c   Section       12  dretinf.o(x$fpl$dretinf)
    x$fpl$drleqf                             0x08006138   Section      108  drleqf.o(x$fpl$drleqf)
    x$fpl$drsb                               0x080061a4   Section       22  daddsub_clz.o(x$fpl$drsb)
    x$fpl$dsqrt                              0x080061bc   Section      460  dsqrt_noumaal.o(x$fpl$dsqrt)
    x$fpl$dsub                               0x08006388   Section      468  daddsub_clz.o(x$fpl$dsub)
    _dsub1                                   0x08006399   Thumb Code     0  daddsub_clz.o(x$fpl$dsub)
    x$fpl$f2d                                0x0800655c   Section       86  f2d.o(x$fpl$f2d)
    x$fpl$fadd                               0x080065b4   Section      196  faddsub_clz.o(x$fpl$fadd)
    _fadd1                                   0x080065c3   Thumb Code     0  faddsub_clz.o(x$fpl$fadd)
    x$fpl$fcmpinf                            0x08006678   Section       24  fcmpi.o(x$fpl$fcmpinf)
    x$fpl$fdiv                               0x08006690   Section      388  fdiv.o(x$fpl$fdiv)
    _fdiv1                                   0x08006691   Thumb Code     0  fdiv.o(x$fpl$fdiv)
    x$fpl$feqf                               0x08006814   Section      104  feqf.o(x$fpl$feqf)
    x$fpl$ffix                               0x0800687c   Section       54  ffix.o(x$fpl$ffix)
    x$fpl$ffixu                              0x080068b4   Section       62  ffixu.o(x$fpl$ffixu)
    x$fpl$fflt                               0x080068f4   Section       48  fflt_clz.o(x$fpl$fflt)
    x$fpl$fleqf                              0x08006924   Section      104  fleqf.o(x$fpl$fleqf)
    x$fpl$fmul                               0x0800698c   Section      258  fmul.o(x$fpl$fmul)
    x$fpl$fnaninf                            0x08006a8e   Section      140  fnaninf.o(x$fpl$fnaninf)
    x$fpl$fretinf                            0x08006b1a   Section       10  fretinf.o(x$fpl$fretinf)
    x$fpl$frleqf                             0x08006b24   Section       98  frleqf.o(x$fpl$frleqf)
    x$fpl$frsb                               0x08006b86   Section       20  faddsub_clz.o(x$fpl$frsb)
    x$fpl$fsub                               0x08006b9c   Section      234  faddsub_clz.o(x$fpl$fsub)
    _fsub1                                   0x08006bab   Thumb Code     0  faddsub_clz.o(x$fpl$fsub)
    x$fpl$llsfromd                           0x08006c88   Section      194  dfixll.o(x$fpl$llsfromd)
    x$fpl$retnan                             0x08006d4a   Section      100  retnan.o(x$fpl$retnan)
    x$fpl$scalbn                             0x08006dae   Section       92  scalbn.o(x$fpl$scalbn)
    x$fpl$trapveneer                         0x08006e0a   Section       48  trapv.o(x$fpl$trapveneer)
    x$fpl$usenofp                            0x08006e3a   Section        0  usenofp.o(x$fpl$usenofp)
    .constdata                               0x08006e40   Section       80  asin.o(.constdata)
    pS                                       0x08006e40   Data          48  asin.o(.constdata)
    qS                                       0x08006e70   Data          32  asin.o(.constdata)
    .constdata                               0x08006e90   Section      136  pow.o(.constdata)
    bp                                       0x08006e90   Data          16  pow.o(.constdata)
    dp_h                                     0x08006ea0   Data          16  pow.o(.constdata)
    dp_l                                     0x08006eb0   Data          16  pow.o(.constdata)
    L                                        0x08006ec0   Data          48  pow.o(.constdata)
    P                                        0x08006ef0   Data          40  pow.o(.constdata)
    .constdata                               0x08006f18   Section      152  atan.o(.constdata)
    atanhi                                   0x08006f18   Data          32  atan.o(.constdata)
    atanlo                                   0x08006f38   Data          32  atan.o(.constdata)
    aTodd                                    0x08006f58   Data          40  atan.o(.constdata)
    aTeven                                   0x08006f80   Data          48  atan.o(.constdata)
    .constdata                               0x08006fb0   Section        8  qnan.o(.constdata)
    .data                                    0x20000000   Section       61  main.o(.data)
    att_cnt                                  0x2000001d   Data           1  main.o(.data)
    rc_cnt                                   0x2000001e   Data           1  main.o(.data)
    mpu6050_dataacc1                         0x20000020   Data           6  main.o(.data)
    mpu6050_dataacc2                         0x20000026   Data           6  main.o(.data)
    mpu6050_datagyr1                         0x2000002c   Data           6  main.o(.data)
    mpu6050_datagyr2                         0x20000032   Data           6  main.o(.data)
    senser_cnt                               0x20000038   Data           1  main.o(.data)
    status_cnt                               0x20000039   Data           1  main.o(.data)
    dt_rc_cnt                                0x2000003a   Data           1  main.o(.data)
    dt_moto_cnt                              0x2000003b   Data           1  main.o(.data)
    dt_vot_cnt                               0x2000003c   Data           1  main.o(.data)
    .data                                    0x2000003e   Section       37  stm32f10x_it.o(.data)
    STick_IRQCNT                             0x20000058   Data           2  stm32f10x_it.o(.data)
    BEEP_CNT                                 0x2000005a   Data           2  stm32f10x_it.o(.data)
    ms1_cnt                                  0x2000005c   Data           1  stm32f10x_it.o(.data)
    s1_cnt                                   0x2000005e   Data           2  stm32f10x_it.o(.data)
    Data_Len                                 0x20000060   Data           1  stm32f10x_it.o(.data)
    Data_Count                               0x20000061   Data           1  stm32f10x_it.o(.data)
    RxState                                  0x20000062   Data           1  stm32f10x_it.o(.data)
    .data                                    0x20000064   Section       20  system_stm32f10x.o(.data)
    .data                                    0x20000078   Section       28  control.o(.data)
    .data                                    0x20000094   Section       13  data_transfer.o(.data)
    .data                                    0x200000a4   Section       37  ahrs_imu.o(.data)
    filter_cnt                               0x200000c8   Data           1  ahrs_imu.o(.data)
    .data                                    0x200000c9   Section        2  rc.o(.data)
    cnt_arm                                  0x200000c9   Data           1  rc.o(.data)
    cnt_fun                                  0x200000ca   Data           1  rc.o(.data)
    .data                                    0x200000cc   Section       45  mpu6050.o(.data)
    GYRO_OFFSET_OK                           0x200000d8   Data           1  mpu6050.o(.data)
    ACC_OFFSET_OK                            0x200000d9   Data           1  mpu6050.o(.data)
    tempgx                                   0x200000dc   Data           4  mpu6050.o(.data)
    tempgy                                   0x200000e0   Data           4  mpu6050.o(.data)
    tempgz                                   0x200000e4   Data           4  mpu6050.o(.data)
    cnt_g                                    0x200000e8   Data           1  mpu6050.o(.data)
    tempax                                   0x200000ec   Data           4  mpu6050.o(.data)
    tempay                                   0x200000f0   Data           4  mpu6050.o(.data)
    tempaz                                   0x200000f4   Data           4  mpu6050.o(.data)
    cnt_a                                    0x200000f8   Data           1  mpu6050.o(.data)
    .data                                    0x200000fc   Section       29  ms5611.o(.data)
    MS5611_sta                               0x20000116   Data           1  ms5611.o(.data)
    ms5611_iic_ok                            0x20000117   Data           1  ms5611.o(.data)
    MS5611_cnt                               0x20000118   Data           1  ms5611.o(.data)
    .data                                    0x2000011a   Section        8  tim_in.o(.data)
    .data                                    0x20000124   Section        4  systick.o(.data)
    TimingDelay                              0x20000124   Data           4  systick.o(.data)
    .data                                    0x20000128   Section      124  eeprom.o(.data)
    .bss                                     0x200001a4   Section       32  main.o(.bss)
    .bss                                     0x200001c4   Section      306  stm32f10x_it.o(.bss)
    .bss                                     0x200002f8   Section      544  control.o(.bss)
    .bss                                     0x20000518   Section       50  data_transfer.o(.bss)
    .bss                                     0x2000054a   Section      120  ahrs_imu.o(.bss)
    ACC_X_BUF                                0x2000054a   Data          40  ahrs_imu.o(.bss)
    ACC_Y_BUF                                0x20000572   Data          40  ahrs_imu.o(.bss)
    ACC_Z_BUF                                0x2000059a   Data          40  ahrs_imu.o(.bss)
    .bss                                     0x200005c2   Section       14  mpu6050.o(.bss)
    MPU6050_Buffer                           0x200005c2   Data          14  mpu6050.o(.bss)
    .bss                                     0x200005d0   Section       14  ms5611.o(.bss)
    .bss                                     0x200005de   Section       20  tim_in.o(.bss)
    Rc_Data                                  0x200005de   Data          20  tim_in.o(.bss)
    .bss                                     0x200005f4   Section       96  libspace.o(.bss)
    HEAP                                     0x20000658   Section      512  startup_stm32f10x_md.o(HEAP)
    Heap_Mem                                 0x20000658   Data         512  startup_stm32f10x_md.o(HEAP)
    STACK                                    0x20000858   Section     1024  startup_stm32f10x_md.o(STACK)
    Stack_Mem                                0x20000858   Data        1024  startup_stm32f10x_md.o(STACK)
    __initial_sp                             0x20000c58   Data           0  startup_stm32f10x_md.o(STACK)

    Global Symbols

    Symbol Name                              Value     Ov Type        Size  Object(Section)

    BuildAttributes$$THM_ISAv4$P$D$K$B$S$PE$A:L22UL41UL21$X:L11$S22US41US21$IEEE1$IW$USESV6$~STKCKD$USESV7$~SHL$OTIME$ROPI$IEEEX$EBA8$UX$STANDARDLIB$REQ8$PRES8$EABIv2 0x00000000   Number         0  anon$$obj.o ABSOLUTE
    __ARM_use_no_argv                        0x00000000   Number         0  main.o ABSOLUTE
    __ARM_exceptions_init                     - Undefined Weak Reference
    __alloca_initialize                       - Undefined Weak Reference
    __arm_preinit_                            - Undefined Weak Reference
    __cpp_initialize__aeabi_                  - Undefined Weak Reference
    __cxa_finalize                            - Undefined Weak Reference
    __rt_locale                               - Undefined Weak Reference
    __sigvec_lookup                           - Undefined Weak Reference
    _atexit_init                              - Undefined Weak Reference
    _call_atexit_fns                          - Undefined Weak Reference
    _clock_init                               - Undefined Weak Reference
    _fp_trap_init                             - Undefined Weak Reference
    _fp_trap_shutdown                         - Undefined Weak Reference
    _get_lc_collate                           - Undefined Weak Reference
    _get_lc_ctype                             - Undefined Weak Reference
    _get_lc_monetary                          - Undefined Weak Reference
    _get_lc_numeric                           - Undefined Weak Reference
    _get_lc_time                              - Undefined Weak Reference
    _getenv_init                              - Undefined Weak Reference
    _handle_redirection                       - Undefined Weak Reference
    _init_alloc                               - Undefined Weak Reference
    _init_user_alloc                          - Undefined Weak Reference
    _initio                                   - Undefined Weak Reference
    _rand_init                                - Undefined Weak Reference
    _signal_finish                            - Undefined Weak Reference
    _signal_init                              - Undefined Weak Reference
    _terminate_alloc                          - Undefined Weak Reference
    _terminate_user_alloc                     - Undefined Weak Reference
    _terminateio                              - Undefined Weak Reference
    __Vectors_Size                           0x000000ec   Number         0  startup_stm32f10x_md.o ABSOLUTE
    __Vectors                                0x08000000   Data           4  startup_stm32f10x_md.o(RESET)
    __Vectors_End                            0x080000ec   Data           0  startup_stm32f10x_md.o(RESET)
    __main                                   0x080000ed   Thumb Code     8  __main.o(!!!main)
    __scatterload                            0x080000f5   Thumb Code     0  __scatter.o(!!!scatter)
    __scatterload_rt2                        0x080000f5   Thumb Code    44  __scatter.o(!!!scatter)
    __scatterload_rt2_thumb_only             0x080000f5   Thumb Code     0  __scatter.o(!!!scatter)
    __scatterload_null                       0x08000103   Thumb Code     0  __scatter.o(!!!scatter)
    __decompress                             0x08000129   Thumb Code    58  __dczerorl.o(!!dczerorl)
    __decompress0                            0x08000129   Thumb Code     0  __dczerorl.o(!!dczerorl)
    __scatterload_zeroinit                   0x08000165   Thumb Code    28  __scatter_zi.o(!!handler_zi)
    __rt_lib_init                            0x08000181   Thumb Code     0  libinit.o(.ARM.Collect$$libinit$$00000000)
    __rt_lib_init_alloca_1                   0x08000183   Thumb Code     0  libinit2.o(.ARM.Collect$$libinit$$0000002E)
    __rt_lib_init_argv_1                     0x08000183   Thumb Code     0  libinit2.o(.ARM.Collect$$libinit$$0000002C)
    __rt_lib_init_atexit_1                   0x08000183   Thumb Code     0  libinit2.o(.ARM.Collect$$libinit$$0000001B)
    __rt_lib_init_clock_1                    0x08000183   Thumb Code     0  libinit2.o(.ARM.Collect$$libinit$$00000021)
    __rt_lib_init_cpp_1                      0x08000183   Thumb Code     0  libinit2.o(.ARM.Collect$$libinit$$00000032)
    __rt_lib_init_exceptions_1               0x08000183   Thumb Code     0  libinit2.o(.ARM.Collect$$libinit$$00000030)
    __rt_lib_init_fp_1                       0x08000183   Thumb Code     0  libinit2.o(.ARM.Collect$$libinit$$00000002)
    __rt_lib_init_fp_trap_1                  0x08000183   Thumb Code     0  libinit2.o(.ARM.Collect$$libinit$$0000001F)
    __rt_lib_init_getenv_1                   0x08000183   Thumb Code     0  libinit2.o(.ARM.Collect$$libinit$$00000023)
    __rt_lib_init_heap_1                     0x08000183   Thumb Code     0  libinit2.o(.ARM.Collect$$libinit$$0000000A)
    __rt_lib_init_lc_collate_1               0x08000183   Thumb Code     0  libinit2.o(.ARM.Collect$$libinit$$00000011)
    __rt_lib_init_lc_ctype_1                 0x08000183   Thumb Code     0  libinit2.o(.ARM.Collect$$libinit$$00000013)
    __rt_lib_init_lc_monetary_1              0x08000183   Thumb Code     0  libinit2.o(.ARM.Collect$$libinit$$00000015)
    __rt_lib_init_lc_numeric_1               0x08000183   Thumb Code     0  libinit2.o(.ARM.Collect$$libinit$$00000017)
    __rt_lib_init_lc_time_1                  0x08000183   Thumb Code     0  libinit2.o(.ARM.Collect$$libinit$$00000019)
    __rt_lib_init_preinit_1                  0x08000183   Thumb Code     0  libinit2.o(.ARM.Collect$$libinit$$00000004)
    __rt_lib_init_rand_1                     0x08000183   Thumb Code     0  libinit2.o(.ARM.Collect$$libinit$$0000000E)
    __rt_lib_init_return                     0x08000183   Thumb Code     0  libinit2.o(.ARM.Collect$$libinit$$00000033)
    __rt_lib_init_signal_1                   0x08000183   Thumb Code     0  libinit2.o(.ARM.Collect$$libinit$$0000001D)
    __rt_lib_init_stdio_1                    0x08000183   Thumb Code     0  libinit2.o(.ARM.Collect$$libinit$$00000025)
    __rt_lib_init_user_alloc_1               0x08000183   Thumb Code     0  libinit2.o(.ARM.Collect$$libinit$$0000000C)
    __rt_lib_shutdown                        0x08000185   Thumb Code     0  libshutdown.o(.ARM.Collect$$libshutdown$$00000000)
    __rt_lib_shutdown_fp_trap_1              0x08000187   Thumb Code     0  libshutdown2.o(.ARM.Collect$$libshutdown$$00000006)
    __rt_lib_shutdown_heap_1                 0x08000187   Thumb Code     0  libshutdown2.o(.ARM.Collect$$libshutdown$$0000000E)
    __rt_lib_shutdown_return                 0x08000187   Thumb Code     0  libshutdown2.o(.ARM.Collect$$libshutdown$$0000000F)
    __rt_lib_shutdown_signal_1               0x08000187   Thumb Code     0  libshutdown2.o(.ARM.Collect$$libshutdown$$00000009)
    __rt_lib_shutdown_stdio_1                0x08000187   Thumb Code     0  libshutdown2.o(.ARM.Collect$$libshutdown$$00000003)
    __rt_lib_shutdown_user_alloc_1           0x08000187   Thumb Code     0  libshutdown2.o(.ARM.Collect$$libshutdown$$0000000B)
    __rt_entry                               0x08000189   Thumb Code     0  __rtentry.o(.ARM.Collect$$rtentry$$00000000)
    __rt_entry_presh_1                       0x08000189   Thumb Code     0  __rtentry2.o(.ARM.Collect$$rtentry$$00000002)
    __rt_entry_sh                            0x08000189   Thumb Code     0  __rtentry4.o(.ARM.Collect$$rtentry$$00000004)
    __rt_entry_li                            0x0800018f   Thumb Code     0  __rtentry2.o(.ARM.Collect$$rtentry$$0000000A)
    __rt_entry_postsh_1                      0x0800018f   Thumb Code     0  __rtentry2.o(.ARM.Collect$$rtentry$$00000009)
    __rt_entry_main                          0x08000193   Thumb Code     0  __rtentry2.o(.ARM.Collect$$rtentry$$0000000D)
    __rt_entry_postli_1                      0x08000193   Thumb Code     0  __rtentry2.o(.ARM.Collect$$rtentry$$0000000C)
    __rt_exit                                0x0800019b   Thumb Code     0  rtexit.o(.ARM.Collect$$rtexit$$00000000)
    __rt_exit_ls                             0x0800019d   Thumb Code     0  rtexit2.o(.ARM.Collect$$rtexit$$00000003)
    __rt_exit_prels_1                        0x0800019d   Thumb Code     0  rtexit2.o(.ARM.Collect$$rtexit$$00000002)
    __rt_exit_exit                           0x080001a1   Thumb Code     0  rtexit2.o(.ARM.Collect$$rtexit$$00000004)
    Reset_Handler                            0x080001a9   Thumb Code     8  startup_stm32f10x_md.o(.text)
    ADC1_2_IRQHandler                        0x080001c3   Thumb Code     0  startup_stm32f10x_md.o(.text)
    CAN1_RX1_IRQHandler                      0x080001c3   Thumb Code     0  startup_stm32f10x_md.o(.text)
    CAN1_SCE_IRQHandler                      0x080001c3   Thumb Code     0  startup_stm32f10x_md.o(.text)
    DMA1_Channel1_IRQHandler                 0x080001c3   Thumb Code     0  startup_stm32f10x_md.o(.text)
    DMA1_Channel2_IRQHandler                 0x080001c3   Thumb Code     0  startup_stm32f10x_md.o(.text)
    DMA1_Channel3_IRQHandler                 0x080001c3   Thumb Code     0  startup_stm32f10x_md.o(.text)
    DMA1_Channel4_IRQHandler                 0x080001c3   Thumb Code     0  startup_stm32f10x_md.o(.text)
    DMA1_Channel5_IRQHandler                 0x080001c3   Thumb Code     0  startup_stm32f10x_md.o(.text)
    DMA1_Channel6_IRQHandler                 0x080001c3   Thumb Code     0  startup_stm32f10x_md.o(.text)
    DMA1_Channel7_IRQHandler                 0x080001c3   Thumb Code     0  startup_stm32f10x_md.o(.text)
    EXTI0_IRQHandler                         0x080001c3   Thumb Code     0  startup_stm32f10x_md.o(.text)
    EXTI15_10_IRQHandler                     0x080001c3   Thumb Code     0  startup_stm32f10x_md.o(.text)
    EXTI1_IRQHandler                         0x080001c3   Thumb Code     0  startup_stm32f10x_md.o(.text)
    EXTI2_IRQHandler                         0x080001c3   Thumb Code     0  startup_stm32f10x_md.o(.text)
    EXTI3_IRQHandler                         0x080001c3   Thumb Code     0  startup_stm32f10x_md.o(.text)
    EXTI4_IRQHandler                         0x080001c3   Thumb Code     0  startup_stm32f10x_md.o(.text)
    EXTI9_5_IRQHandler                       0x080001c3   Thumb Code     0  startup_stm32f10x_md.o(.text)
    FLASH_IRQHandler                         0x080001c3   Thumb Code     0  startup_stm32f10x_md.o(.text)
    I2C1_ER_IRQHandler                       0x080001c3   Thumb Code     0  startup_stm32f10x_md.o(.text)
    I2C1_EV_IRQHandler                       0x080001c3   Thumb Code     0  startup_stm32f10x_md.o(.text)
    I2C2_ER_IRQHandler                       0x080001c3   Thumb Code     0  startup_stm32f10x_md.o(.text)
    I2C2_EV_IRQHandler                       0x080001c3   Thumb Code     0  startup_stm32f10x_md.o(.text)
    PVD_IRQHandler                           0x080001c3   Thumb Code     0  startup_stm32f10x_md.o(.text)
    RCC_IRQHandler                           0x080001c3   Thumb Code     0  startup_stm32f10x_md.o(.text)
    RTCAlarm_IRQHandler                      0x080001c3   Thumb Code     0  startup_stm32f10x_md.o(.text)
    RTC_IRQHandler                           0x080001c3   Thumb Code     0  startup_stm32f10x_md.o(.text)
    SPI1_IRQHandler                          0x080001c3   Thumb Code     0  startup_stm32f10x_md.o(.text)
    SPI2_IRQHandler                          0x080001c3   Thumb Code     0  startup_stm32f10x_md.o(.text)
    TAMPER_IRQHandler                        0x080001c3   Thumb Code     0  startup_stm32f10x_md.o(.text)
    TIM1_BRK_IRQHandler                      0x080001c3   Thumb Code     0  startup_stm32f10x_md.o(.text)
    TIM1_CC_IRQHandler                       0x080001c3   Thumb Code     0  startup_stm32f10x_md.o(.text)
    TIM1_TRG_COM_IRQHandler                  0x080001c3   Thumb Code     0  startup_stm32f10x_md.o(.text)
    TIM1_UP_IRQHandler                       0x080001c3   Thumb Code     0  startup_stm32f10x_md.o(.text)
    TIM2_IRQHandler                          0x080001c3   Thumb Code     0  startup_stm32f10x_md.o(.text)
    USART2_IRQHandler                        0x080001c3   Thumb Code     0  startup_stm32f10x_md.o(.text)
    USART3_IRQHandler                        0x080001c3   Thumb Code     0  startup_stm32f10x_md.o(.text)
    USBWakeUp_IRQHandler                     0x080001c3   Thumb Code     0  startup_stm32f10x_md.o(.text)
    USB_HP_CAN1_TX_IRQHandler                0x080001c3   Thumb Code     0  startup_stm32f10x_md.o(.text)
    USB_LP_CAN1_RX0_IRQHandler               0x080001c3   Thumb Code     0  startup_stm32f10x_md.o(.text)
    WWDG_IRQHandler                          0x080001c3   Thumb Code     0  startup_stm32f10x_md.o(.text)
    __user_initial_stackheap                 0x080001c5   Thumb Code     0  startup_stm32f10x_md.o(.text)
    __use_two_region_memory                  0x080001e9   Thumb Code     2  heapauxi.o(.text)
    __rt_heap_escrow$2region                 0x080001eb   Thumb Code     2  heapauxi.o(.text)
    __rt_heap_expand$2region                 0x080001ed   Thumb Code     2  heapauxi.o(.text)
    __read_errno                             0x080001ef   Thumb Code    10  _rserrno.o(.text)
    __set_errno                              0x080001f9   Thumb Code    12  _rserrno.o(.text)
    __aeabi_errno_addr                       0x08000205   Thumb Code     8  rt_errno_addr_intlibspace.o(.text)
    __errno$intlibspace                      0x08000205   Thumb Code     0  rt_errno_addr_intlibspace.o(.text)
    __rt_errno_addr$intlibspace              0x08000205   Thumb Code     0  rt_errno_addr_intlibspace.o(.text)
    __user_libspace                          0x0800020d   Thumb Code     8  libspace.o(.text)
    __user_perproc_libspace                  0x0800020d   Thumb Code     0  libspace.o(.text)
    __user_perthread_libspace                0x0800020d   Thumb Code     0  libspace.o(.text)
    __user_setup_stackheap                   0x08000215   Thumb Code    74  sys_stackheap_outer.o(.text)
    exit                                     0x0800025f   Thumb Code    12  exit.o(.text)
    _sys_exit                                0x0800026d   Thumb Code     8  sys_exit.o(.text)
    __I$use$semihosting                      0x08000279   Thumb Code     0  use_no_semi.o(.text)
    __use_no_semihosting_swi                 0x08000279   Thumb Code     2  use_no_semi.o(.text)
    BusFault_Handler                         0x0800027b   Thumb Code     4  stm32f10x_it.o(i.BusFault_Handler)
    __semihosting_library_function           0x0800027b   Thumb Code     0  indicate_semi.o(.text)
    Control                                  0x08000281   Thumb Code   838  control.o(i.Control)
    Data_Exchange                            0x08000609   Thumb Code   128  data_transfer.o(i.Data_Exchange)
    Data_Receive_Anl                         0x080006a5   Thumb Code  2014  data_transfer.o(i.Data_Receive_Anl)
    Data_Send_Check                          0x08000ea9   Thumb Code    70  data_transfer.o(i.Data_Send_Check)
    Data_Send_MotoPWM                        0x08000ef5   Thumb Code   310  data_transfer.o(i.Data_Send_MotoPWM)
    Data_Send_OFFSET                         0x08001061   Thumb Code     2  data_transfer.o(i.Data_Send_OFFSET)
    Data_Send_PID1                           0x08001065   Thumb Code   508  data_transfer.o(i.Data_Send_PID1)
    Data_Send_RCData                         0x08001279   Thumb Code   358  data_transfer.o(i.Data_Send_RCData)
    Data_Send_Senser                         0x080013e9   Thumb Code   308  data_transfer.o(i.Data_Send_Senser)
    Data_Send_Status                         0x08001529   Thumb Code   288  data_transfer.o(i.Data_Send_Status)
    Data_Send_Voltage                        0x08001659   Thumb Code   162  data_transfer.o(i.Data_Send_Voltage)
    DebugMon_Handler                         0x08001705   Thumb Code     2  stm32f10x_it.o(i.DebugMon_Handler)
    Delay_ms                                 0x08001709   Thumb Code    20  systick.o(i.Delay_ms)
    EE_ReadVariable                          0x08001871   Thumb Code    88  eeprom.o(i.EE_ReadVariable)
    EE_SAVE_ACC_OFFSET                       0x080018d5   Thumb Code    46  eeprom.o(i.EE_SAVE_ACC_OFFSET)
    EE_SAVE_GYRO_OFFSET                      0x0800190d   Thumb Code    46  eeprom.o(i.EE_SAVE_GYRO_OFFSET)
    EE_SAVE_PID                              0x08001945   Thumb Code   424  eeprom.o(i.EE_SAVE_PID)
    EE_WriteVariable                         0x08001b95   Thumb Code    36  eeprom.o(i.EE_WriteVariable)
    FLASH_ErasePage                          0x08001bb9   Thumb Code    72  stm32f10x_flash.o(i.FLASH_ErasePage)
    FLASH_GetBank1Status                     0x08001c05   Thumb Code    48  stm32f10x_flash.o(i.FLASH_GetBank1Status)
    FLASH_ProgramHalfWord                    0x08001c39   Thumb Code    60  stm32f10x_flash.o(i.FLASH_ProgramHalfWord)
    FLASH_WaitForLastOperation               0x08001c79   Thumb Code    38  stm32f10x_flash.o(i.FLASH_WaitForLastOperation)
    GPIO_Init                                0x08001c9f   Thumb Code   278  stm32f10x_gpio.o(i.GPIO_Init)
    GPIO_ResetBits                           0x08001db5   Thumb Code     4  stm32f10x_gpio.o(i.GPIO_ResetBits)
    GPIO_SetBits                             0x08001db9   Thumb Code     4  stm32f10x_gpio.o(i.GPIO_SetBits)
    HardFault_Handler                        0x08001dbd   Thumb Code     4  stm32f10x_it.o(i.HardFault_Handler)
    I2C_GPIO_Config                          0x08001dfd   Thumb Code    40  analog_iic.o(i.I2C_GPIO_Config)
    I2C_delay                                0x08002011   Thumb Code    14  analog_iic.o(i.I2C_delay)
    IMUupdate                                0x08002021   Thumb Code  1534  ahrs_imu.o(i.IMUupdate)
    InitCurrWrAddress                        0x08002645   Thumb Code    92  eeprom.o(i.InitCurrWrAddress)
    LED_GPIO_Config                          0x080026a9   Thumb Code    76  led.o(i.LED_GPIO_Config)
    LED_Spark                                0x080026fd   Thumb Code    14  led.o(i.LED_Spark)
    MPU6050_CalOff_Acc                       0x08002711   Thumb Code     8  mpu6050.o(i.MPU6050_CalOff_Acc)
    MPU6050_CalOff_Gyr                       0x0800271d   Thumb Code     8  mpu6050.o(i.MPU6050_CalOff_Gyr)
    MPU6050_Dataanl                          0x08002729   Thumb Code   664  mpu6050.o(i.MPU6050_Dataanl)
    MPU6050_Init                             0x080029f5   Thumb Code    74  mpu6050.o(i.MPU6050_Init)
    MPU6050_Read                             0x08002a41   Thumb Code    16  mpu6050.o(i.MPU6050_Read)
    MS5611_Calculate                         0x08002a55   Thumb Code   686  ms5611.o(i.MS5611_Calculate)
    MS5611_READ_ADC_P                        0x08002d55   Thumb Code    16  ms5611.o(i.MS5611_READ_ADC_P)
    MS5611_READ_ADC_T                        0x08002d69   Thumb Code    16  ms5611.o(i.MS5611_READ_ADC_T)
    MS5611_RESET                             0x08002d7d   Thumb Code    14  ms5611.o(i.MS5611_RESET)
    MS5611_START_P                           0x08002d8b   Thumb Code    14  ms5611.o(i.MS5611_START_P)
    MS5611_START_T                           0x08002d99   Thumb Code    14  ms5611.o(i.MS5611_START_T)
    MS5611_loop                              0x08002da9   Thumb Code   214  ms5611.o(i.MS5611_loop)
    MemManage_Handler                        0x08002e8d   Thumb Code     4  stm32f10x_it.o(i.MemManage_Handler)
    Moto_PwmRflash                           0x08002e91   Thumb Code   102  motors.o(i.Moto_PwmRflash)
    NMI_Handler                              0x08002efd   Thumb Code     2  stm32f10x_it.o(i.NMI_Handler)
    NVIC_Init                                0x08002f01   Thumb Code   100  misc.o(i.NVIC_Init)
    PendSV_Handler                           0x08002f71   Thumb Code     2  stm32f10x_it.o(i.PendSV_Handler)
    Prepare_Data                             0x08002f75   Thumb Code   148  ahrs_imu.o(i.Prepare_Data)
    RCC_APB1PeriphClockCmd                   0x08003019   Thumb Code    26  stm32f10x_rcc.o(i.RCC_APB1PeriphClockCmd)
    RCC_APB1PeriphResetCmd                   0x08003039   Thumb Code    26  stm32f10x_rcc.o(i.RCC_APB1PeriphResetCmd)
    RCC_APB2PeriphClockCmd                   0x08003059   Thumb Code    26  stm32f10x_rcc.o(i.RCC_APB2PeriphClockCmd)
    RCC_APB2PeriphResetCmd                   0x08003079   Thumb Code    26  stm32f10x_rcc.o(i.RCC_APB2PeriphResetCmd)
    Rc_DataAnl                               0x08003099   Thumb Code    36  tim_in.o(i.Rc_DataAnl)
    Rc_Fun                                   0x080030c5   Thumb Code   270  rc.o(i.Rc_Fun)
    Rc_GetValue                              0x080031e1   Thumb Code    26  tim_in.o(i.Rc_GetValue)
    SVC_Handler                              0x08003201   Thumb Code     2  stm32f10x_it.o(i.SVC_Handler)
    SYS_INIT                                 0x08003205   Thumb Code    54  main.o(i.SYS_INIT)
    Single_Read_Buffer                       0x08003329   Thumb Code   120  analog_iic.o(i.Single_Read_Buffer)
    Single_Write_Byte                        0x080033a1   Thumb Code    76  analog_iic.o(i.Single_Write_Byte)
    SysTick_Handler                          0x080033ed   Thumb Code    92  stm32f10x_it.o(i.SysTick_Handler)
    SysTick_Init                             0x08003455   Thumb Code    92  systick.o(i.SysTick_Init)
    SystemInit                               0x080034bd   Thumb Code    78  system_stm32f10x.o(i.SystemInit)
    TIM3_IRQHandler                          0x0800375d   Thumb Code    76  stm32f10x_it.o(i.TIM3_IRQHandler)
    TIM4_IRQHandler                          0x080037b9   Thumb Code   504  stm32f10x_it.o(i.TIM4_IRQHandler)
    TIM_ARRPreloadConfig                     0x080039e9   Thumb Code    24  stm32f10x_tim.o(i.TIM_ARRPreloadConfig)
    TIM_ClearFlag                            0x08003a01   Thumb Code     6  stm32f10x_tim.o(i.TIM_ClearFlag)
    TIM_ClearITPendingBit                    0x08003a07   Thumb Code     6  stm32f10x_tim.o(i.TIM_ClearITPendingBit)
    TIM_Cmd                                  0x08003a0d   Thumb Code    24  stm32f10x_tim.o(i.TIM_Cmd)
    TIM_CtrlPWMOutputs                       0x08003a25   Thumb Code    30  stm32f10x_tim.o(i.TIM_CtrlPWMOutputs)
    TIM_DeInit                               0x08003a45   Thumb Code   424  stm32f10x_tim.o(i.TIM_DeInit)
    TIM_GetCapture1                          0x08003c2d   Thumb Code     6  stm32f10x_tim.o(i.TIM_GetCapture1)
    TIM_GetCapture2                          0x08003c33   Thumb Code     6  stm32f10x_tim.o(i.TIM_GetCapture2)
    TIM_GetCapture3                          0x08003c39   Thumb Code     6  stm32f10x_tim.o(i.TIM_GetCapture3)
    TIM_GetCapture4                          0x08003c3f   Thumb Code     8  stm32f10x_tim.o(i.TIM_GetCapture4)
    TIM_GetITStatus                          0x08003c47   Thumb Code    34  stm32f10x_tim.o(i.TIM_GetITStatus)
    TIM_ICInit                               0x08003c69   Thumb Code   150  stm32f10x_tim.o(i.TIM_ICInit)
    TIM_ITConfig                             0x08003d15   Thumb Code    18  stm32f10x_tim.o(i.TIM_ITConfig)
    TIM_OC1Init                              0x08003d29   Thumb Code   132  stm32f10x_tim.o(i.TIM_OC1Init)
    TIM_OC1PolarityConfig                    0x08003dc1   Thumb Code    18  stm32f10x_tim.o(i.TIM_OC1PolarityConfig)
    TIM_OC1PreloadConfig                     0x08003dd3   Thumb Code    18  stm32f10x_tim.o(i.TIM_OC1PreloadConfig)
    TIM_OC2Init                              0x08003de5   Thumb Code   154  stm32f10x_tim.o(i.TIM_OC2Init)
    TIM_OC2PolarityConfig                    0x08003e89   Thumb Code    26  stm32f10x_tim.o(i.TIM_OC2PolarityConfig)
    TIM_OC2PreloadConfig                     0x08003ea3   Thumb Code    26  stm32f10x_tim.o(i.TIM_OC2PreloadConfig)
    TIM_OC3PolarityConfig                    0x08003ebd   Thumb Code    26  stm32f10x_tim.o(i.TIM_OC3PolarityConfig)
    TIM_OC4Init                              0x08003ed9   Thumb Code   114  stm32f10x_tim.o(i.TIM_OC4Init)
    TIM_OC4PolarityConfig                    0x08003f55   Thumb Code    26  stm32f10x_tim.o(i.TIM_OC4PolarityConfig)
    TIM_OC4PreloadConfig                     0x08003f6f   Thumb Code    26  stm32f10x_tim.o(i.TIM_OC4PreloadConfig)
    TIM_SetIC1Prescaler                      0x08003f89   Thumb Code    18  stm32f10x_tim.o(i.TIM_SetIC1Prescaler)
    TIM_SetIC2Prescaler                      0x08003f9b   Thumb Code    26  stm32f10x_tim.o(i.TIM_SetIC2Prescaler)
    TIM_SetIC3Prescaler                      0x08003fb5   Thumb Code    18  stm32f10x_tim.o(i.TIM_SetIC3Prescaler)
    TIM_SetIC4Prescaler                      0x08003fc7   Thumb Code    26  stm32f10x_tim.o(i.TIM_SetIC4Prescaler)
    TIM_TimeBaseInit                         0x08003fe1   Thumb Code   122  stm32f10x_tim.o(i.TIM_TimeBaseInit)
    Tim1_init                                0x08004085   Thumb Code   140  motors.o(i.Tim1_init)
    Tim2_init                                0x0800411d   Thumb Code   138  motors.o(i.Tim2_init)
    Tim3_Init                                0x080041b1   Thumb Code   100  timer.o(i.Tim3_Init)
    Tim_Pwm_In_Init                          0x08004219   Thumb Code   308  tim_in.o(i.Tim_Pwm_In_Init)
    TimingDelay_Decrement                    0x08004355   Thumb Code    18  systick.o(i.TimingDelay_Decrement)
    USART1_IRQHandler                        0x0800436d   Thumb Code   302  stm32f10x_it.o(i.USART1_IRQHandler)
    USART_GetFlagStatus                      0x080044bd   Thumb Code    26  stm32f10x_usart.o(i.USART_GetFlagStatus)
    USART_ITConfig                           0x080044d7   Thumb Code    74  stm32f10x_usart.o(i.USART_ITConfig)
    USART_ReceiveData                        0x08004521   Thumb Code    10  stm32f10x_usart.o(i.USART_ReceiveData)
    Uart1_Put_Buf                            0x0800452d   Thumb Code    64  usart.o(i.Uart1_Put_Buf)
    UsageFault_Handler                       0x08004579   Thumb Code     4  stm32f10x_it.o(i.UsageFault_Handler)
    __ARM_fpclassify                         0x0800457d   Thumb Code    40  fpclassify.o(i.__ARM_fpclassify)
    __kernel_poly                            0x080045a5   Thumb Code   170  poly.o(i.__kernel_poly)
    __mathlib_dbl_divzero                    0x08004651   Thumb Code    12  dunder.o(i.__mathlib_dbl_divzero)
    __mathlib_dbl_infnan                     0x08004661   Thumb Code     6  dunder.o(i.__mathlib_dbl_infnan)
    __mathlib_dbl_infnan2                    0x08004667   Thumb Code     4  dunder.o(i.__mathlib_dbl_infnan2)
    __mathlib_dbl_invalid                    0x0800466b   Thumb Code    12  dunder.o(i.__mathlib_dbl_invalid)
    __mathlib_dbl_overflow                   0x08004677   Thumb Code    14  dunder.o(i.__mathlib_dbl_overflow)
    __mathlib_dbl_underflow                  0x08004685   Thumb Code    10  dunder.o(i.__mathlib_dbl_underflow)
    asin                                     0x08004695   Thumb Code   572  asin.o(i.asin)
    atan                                     0x08004905   Thumb Code   474  atan.o(i.atan)
    atan2                                    0x08004b25   Thumb Code   346  atan2.o(i.atan2)
    main                                     0x08004ca5   Thumb Code   428  main.o(i.main)
    motorsInit                               0x08004ead   Thumb Code    48  motors.o(i.motorsInit)
    pow                                      0x08004ee1   Thumb Code  2478  pow.o(i.pow)
    sqrt                                     0x08005899   Thumb Code    76  sqrt.o(i.sqrt)
    __aeabi_d2f                              0x080058e5   Thumb Code     0  d2f.o(x$fpl$d2f)
    _d2f                                     0x080058e5   Thumb Code    98  d2f.o(x$fpl$d2f)
    __aeabi_dadd                             0x08005949   Thumb Code     0  daddsub_clz.o(x$fpl$dadd)
    _dadd                                    0x08005949   Thumb Code   332  daddsub_clz.o(x$fpl$dadd)
    __fpl_dcheck_NaN1                        0x08005a99   Thumb Code    10  dcheck1.o(x$fpl$dcheck1)
    __fpl_dcmp_Inf                           0x08005aa9   Thumb Code    24  dcmpi.o(x$fpl$dcmpinf)
    __aeabi_ddiv                             0x08005ac1   Thumb Code     0  ddiv.o(x$fpl$ddiv)
    _ddiv                                    0x08005ac1   Thumb Code   552  ddiv.o(x$fpl$ddiv)
    __aeabi_d2iz                             0x08005d71   Thumb Code     0  dfix.o(x$fpl$dfix)
    _dfix                                    0x08005d71   Thumb Code    94  dfix.o(x$fpl$dfix)
    __aeabi_i2d                              0x08005dcf   Thumb Code     0  dflt_clz.o(x$fpl$dflt)
    _dflt                                    0x08005dcf   Thumb Code    46  dflt_clz.o(x$fpl$dflt)
    __aeabi_l2d                              0x08005dfd   Thumb Code     0  dfltll_clz.o(x$fpl$dfltll)
    _ll_sto_d                                0x08005dfd   Thumb Code   162  dfltll_clz.o(x$fpl$dfltll)
    __aeabi_ui2d                             0x08005e9f   Thumb Code     0  dflt_clz.o(x$fpl$dfltu)
    _dfltu                                   0x08005e9f   Thumb Code    38  dflt_clz.o(x$fpl$dfltu)
    __aeabi_cdcmple                          0x08005ec5   Thumb Code     0  dleqf.o(x$fpl$dleqf)
    _dcmple                                  0x08005ec5   Thumb Code   120  dleqf.o(x$fpl$dleqf)
    __fpl_dcmple_InfNaN                      0x08005f27   Thumb Code     0  dleqf.o(x$fpl$dleqf)
    __aeabi_dmul                             0x08005f3d   Thumb Code     0  dmul.o(x$fpl$dmul)
    _dmul                                    0x08005f3d   Thumb Code   332  dmul.o(x$fpl$dmul)
    __fpl_dnaninf                            0x08006091   Thumb Code   156  dnaninf.o(x$fpl$dnaninf)
    __fpl_dretinf                            0x0800612d   Thumb Code    12  dretinf.o(x$fpl$dretinf)
    __aeabi_cdrcmple                         0x08006139   Thumb Code     0  drleqf.o(x$fpl$drleqf)
    _drcmple                                 0x08006139   Thumb Code   108  drleqf.o(x$fpl$drleqf)
    __aeabi_drsub                            0x080061a5   Thumb Code     0  daddsub_clz.o(x$fpl$drsb)
    _drsb                                    0x080061a5   Thumb Code    22  daddsub_clz.o(x$fpl$drsb)
    _dsqrt                                   0x080061bd   Thumb Code   456  dsqrt_noumaal.o(x$fpl$dsqrt)
    __aeabi_dsub                             0x08006389   Thumb Code     0  daddsub_clz.o(x$fpl$dsub)
    _dsub                                    0x08006389   Thumb Code   464  daddsub_clz.o(x$fpl$dsub)
    __aeabi_f2d                              0x0800655d   Thumb Code     0  f2d.o(x$fpl$f2d)
    _f2d                                     0x0800655d   Thumb Code    86  f2d.o(x$fpl$f2d)
    __aeabi_fadd                             0x080065b5   Thumb Code     0  faddsub_clz.o(x$fpl$fadd)
    _fadd                                    0x080065b5   Thumb Code   196  faddsub_clz.o(x$fpl$fadd)
    __fpl_fcmp_Inf                           0x08006679   Thumb Code    24  fcmpi.o(x$fpl$fcmpinf)
    __aeabi_fdiv                             0x08006691   Thumb Code     0  fdiv.o(x$fpl$fdiv)
    _fdiv                                    0x08006691   Thumb Code   384  fdiv.o(x$fpl$fdiv)
    __aeabi_cfcmpeq                          0x08006815   Thumb Code     0  feqf.o(x$fpl$feqf)
    _fcmpeq                                  0x08006815   Thumb Code   104  feqf.o(x$fpl$feqf)
    __aeabi_f2iz                             0x0800687d   Thumb Code     0  ffix.o(x$fpl$ffix)
    _ffix                                    0x0800687d   Thumb Code    54  ffix.o(x$fpl$ffix)
    __aeabi_f2uiz                            0x080068b5   Thumb Code     0  ffixu.o(x$fpl$ffixu)
    _ffixu                                   0x080068b5   Thumb Code    62  ffixu.o(x$fpl$ffixu)
    __aeabi_i2f                              0x080068f5   Thumb Code     0  fflt_clz.o(x$fpl$fflt)
    _fflt                                    0x080068f5   Thumb Code    48  fflt_clz.o(x$fpl$fflt)
    __aeabi_cfcmple                          0x08006925   Thumb Code     0  fleqf.o(x$fpl$fleqf)
    _fcmple                                  0x08006925   Thumb Code   104  fleqf.o(x$fpl$fleqf)
    __fpl_fcmple_InfNaN                      0x08006977   Thumb Code     0  fleqf.o(x$fpl$fleqf)
    __aeabi_fmul                             0x0800698d   Thumb Code     0  fmul.o(x$fpl$fmul)
    _fmul                                    0x0800698d   Thumb Code   258  fmul.o(x$fpl$fmul)
    __fpl_fnaninf                            0x08006a8f   Thumb Code   140  fnaninf.o(x$fpl$fnaninf)
    __fpl_fretinf                            0x08006b1b   Thumb Code    10  fretinf.o(x$fpl$fretinf)
    __aeabi_cfrcmple                         0x08006b25   Thumb Code     0  frleqf.o(x$fpl$frleqf)
    _frcmple                                 0x08006b25   Thumb Code    98  frleqf.o(x$fpl$frleqf)
    __aeabi_frsub                            0x08006b87   Thumb Code     0  faddsub_clz.o(x$fpl$frsb)
    _frsb                                    0x08006b87   Thumb Code    20  faddsub_clz.o(x$fpl$frsb)
    __aeabi_fsub                             0x08006b9d   Thumb Code     0  faddsub_clz.o(x$fpl$fsub)
    _fsub                                    0x08006b9d   Thumb Code   234  faddsub_clz.o(x$fpl$fsub)
    __aeabi_d2lz                             0x08006c89   Thumb Code     0  dfixll.o(x$fpl$llsfromd)
    _ll_sfrom_d                              0x08006c89   Thumb Code   194  dfixll.o(x$fpl$llsfromd)
    __fpl_return_NaN                         0x08006d4b   Thumb Code   100  retnan.o(x$fpl$retnan)
    __ARM_scalbn                             0x08006daf   Thumb Code    92  scalbn.o(x$fpl$scalbn)
    __fpl_cmpreturn                          0x08006e0b   Thumb Code    48  trapv.o(x$fpl$trapveneer)
    __I$use$fp                               0x08006e3a   Number         0  usenofp.o(x$fpl$usenofp)
    __mathlib_zero                           0x08006fb0   Data           8  qnan.o(.constdata)
    Region$$Table$$Base                      0x08006fb8   Number         0  anon$$obj.o(Region$$Table)
    Region$$Table$$Limit                     0x08006fd8   Number         0  anon$$obj.o(Region$$Table)
    Bat_Votage                               0x20000000   Data           4  main.o(.data)
    FLAG_ATT                                 0x20000004   Data           1  main.o(.data)
    Acc                                      0x20000006   Data           6  main.o(.data)
    Gyr                                      0x2000000c   Data           6  main.o(.data)
    Acc_AVG                                  0x20000012   Data           6  main.o(.data)
    Alt                                      0x20000018   Data           4  main.o(.data)
    Rc_C                                     0x2000001c   Data           1  main.o(.data)
    TxCounter                                0x2000003e   Data           1  stm32f10x_it.o(.data)
    count                                    0x2000003f   Data           1  stm32f10x_it.o(.data)
    TIM4CH1_CAPTURE_STA                      0x20000040   Data           1  stm32f10x_it.o(.data)
    TIM4CH1_CAPTURE_UPVAL                    0x20000042   Data           2  stm32f10x_it.o(.data)
    TIM4CH1_CAPTURE_DOWNVAL                  0x20000044   Data           2  stm32f10x_it.o(.data)
    TIM4CH2_CAPTURE_STA                      0x20000046   Data           1  stm32f10x_it.o(.data)
    TIM4CH2_CAPTURE_UPVAL                    0x20000048   Data           2  stm32f10x_it.o(.data)
    TIM4CH2_CAPTURE_DOWNVAL                  0x2000004a   Data           2  stm32f10x_it.o(.data)
    TIM4CH3_CAPTURE_STA                      0x2000004c   Data           1  stm32f10x_it.o(.data)
    TIM4CH3_CAPTURE_UPVAL                    0x2000004e   Data           2  stm32f10x_it.o(.data)
    TIM4CH3_CAPTURE_DOWNVAL                  0x20000050   Data           2  stm32f10x_it.o(.data)
    TIM4CH4_CAPTURE_STA                      0x20000052   Data           1  stm32f10x_it.o(.data)
    TIM4CH4_CAPTURE_UPVAL                    0x20000054   Data           2  stm32f10x_it.o(.data)
    TIM4CH4_CAPTURE_DOWNVAL                  0x20000056   Data           2  stm32f10x_it.o(.data)
    SystemCoreClock                          0x20000064   Data           4  system_stm32f10x.o(.data)
    AHBPrescTable                            0x20000068   Data          16  system_stm32f10x.o(.data)
    rol_i                                    0x20000078   Data           4  control.o(.data)
    pit_i                                    0x2000007c   Data           4  control.o(.data)
    yaw_p                                    0x20000080   Data           4  control.o(.data)
    Moto_PWM_1                               0x20000084   Data           2  control.o(.data)
    Moto_PWM_2                               0x20000086   Data           2  control.o(.data)
    Moto_PWM_3                               0x20000088   Data           2  control.o(.data)
    Moto_PWM_4                               0x2000008a   Data           2  control.o(.data)
    Moto_PWM_5                               0x2000008c   Data           2  control.o(.data)
    Moto_PWM_6                               0x2000008e   Data           2  control.o(.data)
    Moto_PWM_7                               0x20000090   Data           2  control.o(.data)
    Moto_PWM_8                               0x20000092   Data           2  control.o(.data)
    Data_Check                               0x20000094   Data           1  data_transfer.o(.data)
    Send_Status                              0x20000095   Data           1  data_transfer.o(.data)
    Send_Senser                              0x20000096   Data           1  data_transfer.o(.data)
    Send_RCData                              0x20000097   Data           1  data_transfer.o(.data)
    Send_Offset                              0x20000098   Data           1  data_transfer.o(.data)
    Send_PID1                                0x20000099   Data           1  data_transfer.o(.data)
    Send_PID2                                0x2000009a   Data           1  data_transfer.o(.data)
    Send_PID3                                0x2000009b   Data           1  data_transfer.o(.data)
    Send_PID4                                0x2000009c   Data           1  data_transfer.o(.data)
    Send_PID5                                0x2000009d   Data           1  data_transfer.o(.data)
    Send_PID6                                0x2000009e   Data           1  data_transfer.o(.data)
    Send_MotoPwm                             0x2000009f   Data           1  data_transfer.o(.data)
    Send_Voltage                             0x200000a0   Data           1  data_transfer.o(.data)
    AngleOffset_Rol                          0x200000a4   Data           4  ahrs_imu.o(.data)
    AngleOffset_Pit                          0x200000a8   Data           4  ahrs_imu.o(.data)
    q0                                       0x200000ac   Data           4  ahrs_imu.o(.data)
    q1                                       0x200000b0   Data           4  ahrs_imu.o(.data)
    q2                                       0x200000b4   Data           4  ahrs_imu.o(.data)
    q3                                       0x200000b8   Data           4  ahrs_imu.o(.data)
    exInt                                    0x200000bc   Data           4  ahrs_imu.o(.data)
    eyInt                                    0x200000c0   Data           4  ahrs_imu.o(.data)
    ezInt                                    0x200000c4   Data           4  ahrs_imu.o(.data)
    GYRO_OFFSET                              0x200000cc   Data           6  mpu6050.o(.data)
    ACC_OFFSET                               0x200000d2   Data           6  mpu6050.o(.data)
    ms5611_ut                                0x200000fc   Data           4  ms5611.o(.data)
    ms5611_up                                0x20000100   Data           4  ms5611.o(.data)
    Pressure                                 0x20000104   Data           4  ms5611.o(.data)
    Temperature                              0x20000108   Data           4  ms5611.o(.data)
    attitude                                 0x2000010c   Data           4  ms5611.o(.data)
    t_rxbuf                                  0x20000110   Data           3  ms5611.o(.data)
    p_rxbuf                                  0x20000113   Data           3  ms5611.o(.data)
    Rc_Pwm_In                                0x2000011a   Data           8  tim_in.o(.data)
    DataVar                                  0x20000128   Data           2  eeprom.o(.data)
    CurWrAddress                             0x2000012c   Data           4  eeprom.o(.data)
    VirtAddVarTab                            0x20000130   Data         114  eeprom.o(.data)
    temp                                     0x200001a2   Data           2  eeprom.o(.data)
    Att_Angle                                0x200001a4   Data          12  main.o(.bss)
    Rc_D                                     0x200001b0   Data          20  main.o(.bss)
    TxBuffer                                 0x200001c4   Data         256  stm32f10x_it.o(.bss)
    RxBuffer                                 0x200002c4   Data          50  stm32f10x_it.o(.bss)
    PID_ROL                                  0x200002f8   Data          32  control.o(.bss)
    PID_PIT                                  0x20000318   Data          32  control.o(.bss)
    PID_YAW                                  0x20000338   Data          32  control.o(.bss)
    PID_ALT                                  0x20000358   Data          32  control.o(.bss)
    PID_POS                                  0x20000378   Data          32  control.o(.bss)
    PID_PID_1                                0x20000398   Data          32  control.o(.bss)
    PID_PID_2                                0x200003b8   Data          32  control.o(.bss)
    PID_PID_3                                0x200003d8   Data          32  control.o(.bss)
    PID_PID_4                                0x200003f8   Data          32  control.o(.bss)
    PID_PID_5                                0x20000418   Data          32  control.o(.bss)
    PID_PID_6                                0x20000438   Data          32  control.o(.bss)
    PID_PID_7                                0x20000458   Data          32  control.o(.bss)
    PID_PID_8                                0x20000478   Data          32  control.o(.bss)
    PID_PID_9                                0x20000498   Data          32  control.o(.bss)
    PID_PID_10                               0x200004b8   Data          32  control.o(.bss)
    PID_PID_11                               0x200004d8   Data          32  control.o(.bss)
    PID_PID_12                               0x200004f8   Data          32  control.o(.bss)
    data_to_send                             0x20000518   Data          50  data_transfer.o(.bss)
    ms5611_prom                              0x200005d0   Data          14  ms5611.o(.bss)
    __libspace_start                         0x200005f4   Data          96  libspace.o(.bss)
    __temporary_stack_top$libspace           0x20000654   Data           0  libspace.o(.bss)



==============================================================================

Memory Map of the image

  Image Entry point : 0x080000ed

  Load Region LR_IROM1 (Base: 0x08000000, Size: 0x0000717c, Max: 0x00020000, ABSOLUTE, COMPRESSED[0x00007068])

    Execution Region ER_IROM1 (Base: 0x08000000, Size: 0x00006fd8, Max: 0x00020000, ABSOLUTE)

    Base Addr    Size         Type   Attr      Idx    E Section Name        Object

    0x08000000   0x000000ec   Data   RO         1099    RESET               startup_stm32f10x_md.o
    0x080000ec   0x00000008   Code   RO         3005  * !!!main             c_w.l(__main.o)
    0x080000f4   0x00000034   Code   RO         3328    !!!scatter          c_w.l(__scatter.o)
    0x08000128   0x0000003a   Code   RO         3326    !!dczerorl          c_w.l(__dczerorl.o)
    0x08000162   0x00000002   PAD
    0x08000164   0x0000001c   Code   RO         3330    !!handler_zi        c_w.l(__scatter_zi.o)
    0x08000180   0x00000002   Code   RO         3196    .ARM.Collect$$libinit$$00000000  c_w.l(libinit.o)
    0x08000182   0x00000000   Code   RO         3202    .ARM.Collect$$libinit$$00000002  c_w.l(libinit2.o)
    0x08000182   0x00000000   Code   RO         3204    .ARM.Collect$$libinit$$00000004  c_w.l(libinit2.o)
    0x08000182   0x00000000   Code   RO         3207    .ARM.Collect$$libinit$$0000000A  c_w.l(libinit2.o)
    0x08000182   0x00000000   Code   RO         3209    .ARM.Collect$$libinit$$0000000C  c_w.l(libinit2.o)
    0x08000182   0x00000000   Code   RO         3211    .ARM.Collect$$libinit$$0000000E  c_w.l(libinit2.o)
    0x08000182   0x00000000   Code   RO         3214    .ARM.Collect$$libinit$$00000011  c_w.l(libinit2.o)
    0x08000182   0x00000000   Code   RO         3216    .ARM.Collect$$libinit$$00000013  c_w.l(libinit2.o)
    0x08000182   0x00000000   Code   RO         3218    .ARM.Collect$$libinit$$00000015  c_w.l(libinit2.o)
    0x08000182   0x00000000   Code   RO         3220    .ARM.Collect$$libinit$$00000017  c_w.l(libinit2.o)
    0x08000182   0x00000000   Code   RO         3222    .ARM.Collect$$libinit$$00000019  c_w.l(libinit2.o)
    0x08000182   0x00000000   Code   RO         3224    .ARM.Collect$$libinit$$0000001B  c_w.l(libinit2.o)
    0x08000182   0x00000000   Code   RO         3226    .ARM.Collect$$libinit$$0000001D  c_w.l(libinit2.o)
    0x08000182   0x00000000   Code   RO         3228    .ARM.Collect$$libinit$$0000001F  c_w.l(libinit2.o)
    0x08000182   0x00000000   Code   RO         3230    .ARM.Collect$$libinit$$00000021  c_w.l(libinit2.o)
    0x08000182   0x00000000   Code   RO         3232    .ARM.Collect$$libinit$$00000023  c_w.l(libinit2.o)
    0x08000182   0x00000000   Code   RO         3234    .ARM.Collect$$libinit$$00000025  c_w.l(libinit2.o)
    0x08000182   0x00000000   Code   RO         3238    .ARM.Collect$$libinit$$0000002C  c_w.l(libinit2.o)
    0x08000182   0x00000000   Code   RO         3240    .ARM.Collect$$libinit$$0000002E  c_w.l(libinit2.o)
    0x08000182   0x00000000   Code   RO         3242    .ARM.Collect$$libinit$$00000030  c_w.l(libinit2.o)
    0x08000182   0x00000000   Code   RO         3244    .ARM.Collect$$libinit$$00000032  c_w.l(libinit2.o)
    0x08000182   0x00000002   Code   RO         3245    .ARM.Collect$$libinit$$00000033  c_w.l(libinit2.o)
    0x08000184   0x00000002   Code   RO         3267    .ARM.Collect$$libshutdown$$00000000  c_w.l(libshutdown.o)
    0x08000186   0x00000000   Code   RO         3281    .ARM.Collect$$libshutdown$$00000003  c_w.l(libshutdown2.o)
    0x08000186   0x00000000   Code   RO         3284    .ARM.Collect$$libshutdown$$00000006  c_w.l(libshutdown2.o)
    0x08000186   0x00000000   Code   RO         3287    .ARM.Collect$$libshutdown$$00000009  c_w.l(libshutdown2.o)
    0x08000186   0x00000000   Code   RO         3289    .ARM.Collect$$libshutdown$$0000000B  c_w.l(libshutdown2.o)
    0x08000186   0x00000000   Code   RO         3292    .ARM.Collect$$libshutdown$$0000000E  c_w.l(libshutdown2.o)
    0x08000186   0x00000002   Code   RO         3293    .ARM.Collect$$libshutdown$$0000000F  c_w.l(libshutdown2.o)
    0x08000188   0x00000000   Code   RO         3109    .ARM.Collect$$rtentry$$00000000  c_w.l(__rtentry.o)
    0x08000188   0x00000000   Code   RO         3161    .ARM.Collect$$rtentry$$00000002  c_w.l(__rtentry2.o)
    0x08000188   0x00000006   Code   RO         3173    .ARM.Collect$$rtentry$$00000004  c_w.l(__rtentry4.o)
    0x0800018e   0x00000000   Code   RO         3163    .ARM.Collect$$rtentry$$00000009  c_w.l(__rtentry2.o)
    0x0800018e   0x00000004   Code   RO         3164    .ARM.Collect$$rtentry$$0000000A  c_w.l(__rtentry2.o)
    0x08000192   0x00000000   Code   RO         3166    .ARM.Collect$$rtentry$$0000000C  c_w.l(__rtentry2.o)
    0x08000192   0x00000008   Code   RO         3167    .ARM.Collect$$rtentry$$0000000D  c_w.l(__rtentry2.o)
    0x0800019a   0x00000002   Code   RO         3199    .ARM.Collect$$rtexit$$00000000  c_w.l(rtexit.o)
    0x0800019c   0x00000000   Code   RO         3249    .ARM.Collect$$rtexit$$00000002  c_w.l(rtexit2.o)
    0x0800019c   0x00000004   Code   RO         3250    .ARM.Collect$$rtexit$$00000003  c_w.l(rtexit2.o)
    0x080001a0   0x00000006   Code   RO         3251    .ARM.Collect$$rtexit$$00000004  c_w.l(rtexit2.o)
    0x080001a6   0x00000002   PAD
    0x080001a8   0x00000040   Code   RO         1100    .text               startup_stm32f10x_md.o
    0x080001e8   0x00000006   Code   RO         3003    .text               c_w.l(heapauxi.o)
    0x080001ee   0x00000016   Code   RO         3110    .text               c_w.l(_rserrno.o)
    0x08000204   0x00000008   Code   RO         3178    .text               c_w.l(rt_errno_addr_intlibspace.o)
    0x0800020c   0x00000008   Code   RO         3184    .text               c_w.l(libspace.o)
    0x08000214   0x0000004a   Code   RO         3187    .text               c_w.l(sys_stackheap_outer.o)
    0x0800025e   0x0000000c   Code   RO         3189    .text               c_w.l(exit.o)
    0x0800026a   0x00000002   PAD
    0x0800026c   0x0000000c   Code   RO         3259    .text               c_w.l(sys_exit.o)
    0x08000278   0x00000002   Code   RO         3270    .text               c_w.l(use_no_semi.o)
    0x0800027a   0x00000000   Code   RO         3272    .text               c_w.l(indicate_semi.o)
    0x0800027a   0x00000004   Code   RO          127    i.BusFault_Handler  stm32f10x_it.o
    0x0800027e   0x00000002   PAD
    0x08000280   0x00000388   Code   RO          250    i.Control           control.o
    0x08000608   0x0000009c   Code   RO          270    i.Data_Exchange     data_transfer.o
    0x080006a4   0x00000804   Code   RO          271    i.Data_Receive_Anl  data_transfer.o
    0x08000ea8   0x0000004c   Code   RO          272    i.Data_Send_Check   data_transfer.o
    0x08000ef4   0x0000016c   Code   RO          273    i.Data_Send_MotoPWM  data_transfer.o
    0x08001060   0x00000002   Code   RO          274    i.Data_Send_OFFSET  data_transfer.o
    0x08001062   0x00000002   PAD
    0x08001064   0x00000214   Code   RO          275    i.Data_Send_PID1    data_transfer.o
    0x08001278   0x00000170   Code   RO          276    i.Data_Send_RCData  data_transfer.o
    0x080013e8   0x00000140   Code   RO          277    i.Data_Send_Senser  data_transfer.o
    0x08001528   0x00000130   Code   RO          278    i.Data_Send_Status  data_transfer.o
    0x08001658   0x000000ac   Code   RO          279    i.Data_Send_Voltage  data_transfer.o
    0x08001704   0x00000002   Code   RO          128    i.DebugMon_Handler  stm32f10x_it.o
    0x08001706   0x00000002   PAD
    0x08001708   0x00000018   Code   RO          861    i.Delay_ms          systick.o
    0x08001720   0x00000058   Code   RO          926    i.EE_FindValidPage  eeprom.o
    0x08001778   0x000000f8   Code   RO          930    i.EE_PageTransfer   eeprom.o
    0x08001870   0x00000064   Code   RO          934    i.EE_ReadVariable   eeprom.o
    0x080018d4   0x00000038   Code   RO          935    i.EE_SAVE_ACC_OFFSET  eeprom.o
    0x0800190c   0x00000038   Code   RO          936    i.EE_SAVE_GYRO_OFFSET  eeprom.o
    0x08001944   0x000001c8   Code   RO          937    i.EE_SAVE_PID       eeprom.o
    0x08001b0c   0x00000088   Code   RO          938    i.EE_VerifyPageFullWriteVariable  eeprom.o
    0x08001b94   0x00000024   Code   RO          939    i.EE_WriteVariable  eeprom.o
    0x08001bb8   0x0000004c   Code   RO         2394    i.FLASH_ErasePage   stm32f10x_flash.o
    0x08001c04   0x00000034   Code   RO         2395    i.FLASH_GetBank1Status  stm32f10x_flash.o
    0x08001c38   0x00000040   Code   RO         2407    i.FLASH_ProgramHalfWord  stm32f10x_flash.o
    0x08001c78   0x00000026   Code   RO         2416    i.FLASH_WaitForLastOperation  stm32f10x_flash.o
    0x08001c9e   0x00000116   Code   RO         2281    i.GPIO_Init         stm32f10x_gpio.o
    0x08001db4   0x00000004   Code   RO         2288    i.GPIO_ResetBits    stm32f10x_gpio.o
    0x08001db8   0x00000004   Code   RO         2289    i.GPIO_SetBits      stm32f10x_gpio.o
    0x08001dbc   0x00000004   Code   RO          129    i.HardFault_Handler  stm32f10x_it.o
    0x08001dc0   0x0000003c   Code   RO          754    i.I2C_Ack           analog_iic.o
    0x08001dfc   0x0000002c   Code   RO          755    i.I2C_GPIO_Config   analog_iic.o
    0x08001e28   0x0000003c   Code   RO          756    i.I2C_NoAck         analog_iic.o
    0x08001e64   0x00000058   Code   RO          757    i.I2C_ReadByte      analog_iic.o
    0x08001ebc   0x0000005c   Code   RO          758    i.I2C_SendByte      analog_iic.o
    0x08001f18   0x00000060   Code   RO          759    i.I2C_Start         analog_iic.o
    0x08001f78   0x0000003c   Code   RO          760    i.I2C_Stop          analog_iic.o
    0x08001fb4   0x0000005c   Code   RO          761    i.I2C_WaitAck       analog_iic.o
    0x08002010   0x0000000e   Code   RO          762    i.I2C_delay         analog_iic.o
    0x0800201e   0x00000002   PAD
    0x08002020   0x00000624   Code   RO          359    i.IMUupdate         ahrs_imu.o
    0x08002644   0x00000064   Code   RO          940    i.InitCurrWrAddress  eeprom.o
    0x080026a8   0x00000054   Code   RO          838    i.LED_GPIO_Config   led.o
    0x080026fc   0x00000014   Code   RO          839    i.LED_Spark         led.o
    0x08002710   0x0000000c   Code   RO          405    i.MPU6050_CalOff_Acc  mpu6050.o
    0x0800271c   0x0000000c   Code   RO          406    i.MPU6050_CalOff_Gyr  mpu6050.o
    0x08002728   0x000002cc   Code   RO          407    i.MPU6050_Dataanl   mpu6050.o
    0x080029f4   0x0000004a   Code   RO          408    i.MPU6050_Init      mpu6050.o
    0x08002a3e   0x00000002   PAD
    0x08002a40   0x00000014   Code   RO          409    i.MPU6050_Read      mpu6050.o
    0x08002a54   0x00000300   Code   RO          605    i.MS5611_Calculate  ms5611.o
    0x08002d54   0x00000014   Code   RO          608    i.MS5611_READ_ADC_P  ms5611.o
    0x08002d68   0x00000014   Code   RO          609    i.MS5611_READ_ADC_T  ms5611.o
    0x08002d7c   0x0000000e   Code   RO          610    i.MS5611_RESET      ms5611.o
    0x08002d8a   0x0000000e   Code   RO          611    i.MS5611_START_P    ms5611.o
    0x08002d98   0x0000000e   Code   RO          612    i.MS5611_START_T    ms5611.o
    0x08002da6   0x00000002   PAD
    0x08002da8   0x000000e4   Code   RO          613    i.MS5611_loop       ms5611.o
    0x08002e8c   0x00000004   Code   RO          130    i.MemManage_Handler  stm32f10x_it.o
    0x08002e90   0x0000006c   Code   RO          674    i.Moto_PwmRflash    motors.o
    0x08002efc   0x00000002   Code   RO          131    i.NMI_Handler       stm32f10x_it.o
    0x08002efe   0x00000002   PAD
    0x08002f00   0x00000070   Code   RO         1104    i.NVIC_Init         misc.o
    0x08002f70   0x00000002   Code   RO          132    i.PendSV_Handler    stm32f10x_it.o
    0x08002f72   0x00000002   PAD
    0x08002f74   0x000000a4   Code   RO          360    i.Prepare_Data      ahrs_imu.o
    0x08003018   0x00000020   Code   RO         1870    i.RCC_APB1PeriphClockCmd  stm32f10x_rcc.o
    0x08003038   0x00000020   Code   RO         1871    i.RCC_APB1PeriphResetCmd  stm32f10x_rcc.o
    0x08003058   0x00000020   Code   RO         1872    i.RCC_APB2PeriphClockCmd  stm32f10x_rcc.o
    0x08003078   0x00000020   Code   RO         1873    i.RCC_APB2PeriphResetCmd  stm32f10x_rcc.o
    0x08003098   0x0000002c   Code   RO          707    i.Rc_DataAnl        tim_in.o
    0x080030c4   0x0000011c   Code   RO          389    i.Rc_Fun            rc.o
    0x080031e0   0x00000020   Code   RO          708    i.Rc_GetValue       tim_in.o
    0x08003200   0x00000002   Code   RO          133    i.SVC_Handler       stm32f10x_it.o
    0x08003202   0x00000002   PAD
    0x08003204   0x0000003c   Code   RO            1    i.SYS_INIT          main.o
    0x08003240   0x00000008   Code   RO          216    i.SetSysClock       system_stm32f10x.o
    0x08003248   0x000000e0   Code   RO          217    i.SetSysClockTo72   system_stm32f10x.o
    0x08003328   0x00000078   Code   RO          763    i.Single_Read_Buffer  analog_iic.o
    0x080033a0   0x0000004c   Code   RO          766    i.Single_Write_Byte  analog_iic.o
    0x080033ec   0x00000068   Code   RO          134    i.SysTick_Handler   stm32f10x_it.o
    0x08003454   0x00000068   Code   RO          863    i.SysTick_Init      systick.o
    0x080034bc   0x00000060   Code   RO          219    i.SystemInit        system_stm32f10x.o
    0x0800351c   0x00000080   Code   RO         1320    i.TI1_Config        stm32f10x_tim.o
    0x0800359c   0x00000098   Code   RO         1321    i.TI2_Config        stm32f10x_tim.o
    0x08003634   0x00000090   Code   RO         1322    i.TI3_Config        stm32f10x_tim.o
    0x080036c4   0x00000098   Code   RO         1323    i.TI4_Config        stm32f10x_tim.o
    0x0800375c   0x0000005c   Code   RO          135    i.TIM3_IRQHandler   stm32f10x_it.o
    0x080037b8   0x00000230   Code   RO          136    i.TIM4_IRQHandler   stm32f10x_it.o
    0x080039e8   0x00000018   Code   RO         1324    i.TIM_ARRPreloadConfig  stm32f10x_tim.o
    0x08003a00   0x00000006   Code   RO         1330    i.TIM_ClearFlag     stm32f10x_tim.o
    0x08003a06   0x00000006   Code   RO         1331    i.TIM_ClearITPendingBit  stm32f10x_tim.o
    0x08003a0c   0x00000018   Code   RO         1336    i.TIM_Cmd           stm32f10x_tim.o
    0x08003a24   0x0000001e   Code   RO         1338    i.TIM_CtrlPWMOutputs  stm32f10x_tim.o
    0x08003a42   0x00000002   PAD
    0x08003a44   0x000001e8   Code   RO         1341    i.TIM_DeInit        stm32f10x_tim.o
    0x08003c2c   0x00000006   Code   RO         1351    i.TIM_GetCapture1   stm32f10x_tim.o
    0x08003c32   0x00000006   Code   RO         1352    i.TIM_GetCapture2   stm32f10x_tim.o
    0x08003c38   0x00000006   Code   RO         1353    i.TIM_GetCapture3   stm32f10x_tim.o
    0x08003c3e   0x00000008   Code   RO         1354    i.TIM_GetCapture4   stm32f10x_tim.o
    0x08003c46   0x00000022   Code   RO         1357    i.TIM_GetITStatus   stm32f10x_tim.o
    0x08003c68   0x000000ac   Code   RO         1359    i.TIM_ICInit        stm32f10x_tim.o
    0x08003d14   0x00000012   Code   RO         1361    i.TIM_ITConfig      stm32f10x_tim.o
    0x08003d26   0x00000002   PAD
    0x08003d28   0x00000098   Code   RO         1365    i.TIM_OC1Init       stm32f10x_tim.o
    0x08003dc0   0x00000012   Code   RO         1367    i.TIM_OC1PolarityConfig  stm32f10x_tim.o
    0x08003dd2   0x00000012   Code   RO         1368    i.TIM_OC1PreloadConfig  stm32f10x_tim.o
    0x08003de4   0x000000a4   Code   RO         1370    i.TIM_OC2Init       stm32f10x_tim.o
    0x08003e88   0x0000001a   Code   RO         1372    i.TIM_OC2PolarityConfig  stm32f10x_tim.o
    0x08003ea2   0x0000001a   Code   RO         1373    i.TIM_OC2PreloadConfig  stm32f10x_tim.o
    0x08003ebc   0x0000001a   Code   RO         1377    i.TIM_OC3PolarityConfig  stm32f10x_tim.o
    0x08003ed6   0x00000002   PAD
    0x08003ed8   0x0000007c   Code   RO         1380    i.TIM_OC4Init       stm32f10x_tim.o
    0x08003f54   0x0000001a   Code   RO         1381    i.TIM_OC4PolarityConfig  stm32f10x_tim.o
    0x08003f6e   0x0000001a   Code   RO         1382    i.TIM_OC4PreloadConfig  stm32f10x_tim.o
    0x08003f88   0x00000012   Code   RO         1402    i.TIM_SetIC1Prescaler  stm32f10x_tim.o
    0x08003f9a   0x0000001a   Code   RO         1403    i.TIM_SetIC2Prescaler  stm32f10x_tim.o
    0x08003fb4   0x00000012   Code   RO         1404    i.TIM_SetIC3Prescaler  stm32f10x_tim.o
    0x08003fc6   0x0000001a   Code   RO         1405    i.TIM_SetIC4Prescaler  stm32f10x_tim.o
    0x08003fe0   0x000000a4   Code   RO         1407    i.TIM_TimeBaseInit  stm32f10x_tim.o
    0x08004084   0x00000098   Code   RO          675    i.Tim1_init         motors.o
    0x0800411c   0x00000094   Code   RO          676    i.Tim2_init         motors.o
    0x080041b0   0x00000068   Code   RO          739    i.Tim3_Init         timer.o
    0x08004218   0x0000013c   Code   RO          709    i.Tim_Pwm_In_Init   tim_in.o
    0x08004354   0x00000018   Code   RO          864    i.TimingDelay_Decrement  systick.o
    0x0800436c   0x00000150   Code   RO          137    i.USART1_IRQHandler  stm32f10x_it.o
    0x080044bc   0x0000001a   Code   RO         1147    i.USART_GetFlagStatus  stm32f10x_usart.o
    0x080044d6   0x0000004a   Code   RO         1150    i.USART_ITConfig    stm32f10x_usart.o
    0x08004520   0x0000000a   Code   RO         1158    i.USART_ReceiveData  stm32f10x_usart.o
    0x0800452a   0x00000002   PAD
    0x0800452c   0x0000004c   Code   RO          898    i.Uart1_Put_Buf     usart.o
    0x08004578   0x00000004   Code   RO          138    i.UsageFault_Handler  stm32f10x_it.o
    0x0800457c   0x00000028   Code   RO         3155    i.__ARM_fpclassify  m_ws.l(fpclassify.o)
    0x080045a4   0x000000aa   Code   RO         3157    i.__kernel_poly     m_ws.l(poly.o)
    0x0800464e   0x00000002   PAD
    0x08004650   0x00000010   Code   RO         3141    i.__mathlib_dbl_divzero  m_ws.l(dunder.o)
    0x08004660   0x00000006   Code   RO         3142    i.__mathlib_dbl_infnan  m_ws.l(dunder.o)
    0x08004666   0x00000004   Code   RO         3143    i.__mathlib_dbl_infnan2  m_ws.l(dunder.o)
    0x0800466a   0x0000000c   Code   RO         3144    i.__mathlib_dbl_invalid  m_ws.l(dunder.o)
    0x08004676   0x0000000e   Code   RO         3145    i.__mathlib_dbl_overflow  m_ws.l(dunder.o)
    0x08004684   0x00000010   Code   RO         3147    i.__mathlib_dbl_underflow  m_ws.l(dunder.o)
    0x08004694   0x00000270   Code   RO         3074    i.asin              m_ws.l(asin.o)
    0x08004904   0x00000220   Code   RO         3132    i.atan              m_ws.l(atan.o)
    0x08004b24   0x00000180   Code   RO         3084    i.atan2             m_ws.l(atan2.o)
    0x08004ca4   0x00000208   Code   RO            2    i.main              main.o
    0x08004eac   0x00000034   Code   RO          677    i.motorsInit        motors.o
    0x08004ee0   0x000009b8   Code   RO         3092    i.pow               m_ws.l(pow.o)
    0x08005898   0x0000004c   Code   RO         3102    i.sqrt              m_ws.l(sqrt.o)
    0x080058e4   0x00000062   Code   RO         3007    x$fpl$d2f           fz_ws.l(d2f.o)
    0x08005946   0x00000002   PAD
    0x08005948   0x00000150   Code   RO         3009    x$fpl$dadd          fz_ws.l(daddsub_clz.o)
    0x08005a98   0x00000010   Code   RO         3180    x$fpl$dcheck1       fz_ws.l(dcheck1.o)
    0x08005aa8   0x00000018   Code   RO         3182    x$fpl$dcmpinf       fz_ws.l(dcmpi.o)
    0x08005ac0   0x000002b0   Code   RO         3016    x$fpl$ddiv          fz_ws.l(ddiv.o)
    0x08005d70   0x0000005e   Code   RO         3019    x$fpl$dfix          fz_ws.l(dfix.o)
    0x08005dce   0x0000002e   Code   RO         3028    x$fpl$dflt          fz_ws.l(dflt_clz.o)
    0x08005dfc   0x000000a2   Code   RO         3033    x$fpl$dfltll        fz_ws.l(dfltll_clz.o)
    0x08005e9e   0x00000026   Code   RO         3027    x$fpl$dfltu         fz_ws.l(dflt_clz.o)
    0x08005ec4   0x00000078   Code   RO         3112    x$fpl$dleqf         fz_ws.l(dleqf.o)
    0x08005f3c   0x00000154   Code   RO         3037    x$fpl$dmul          fz_ws.l(dmul.o)
    0x08006090   0x0000009c   Code   RO         3114    x$fpl$dnaninf       fz_ws.l(dnaninf.o)
    0x0800612c   0x0000000c   Code   RO         3116    x$fpl$dretinf       fz_ws.l(dretinf.o)
    0x08006138   0x0000006c   Code   RO         3118    x$fpl$drleqf        fz_ws.l(drleqf.o)
    0x080061a4   0x00000016   Code   RO         3010    x$fpl$drsb          fz_ws.l(daddsub_clz.o)
    0x080061ba   0x00000002   PAD
    0x080061bc   0x000001cc   Code   RO         3120    x$fpl$dsqrt         fz_ws.l(dsqrt_noumaal.o)
    0x08006388   0x000001d4   Code   RO         3011    x$fpl$dsub          fz_ws.l(daddsub_clz.o)
    0x0800655c   0x00000056   Code   RO         3039    x$fpl$f2d           fz_ws.l(f2d.o)
    0x080065b2   0x00000002   PAD
    0x080065b4   0x000000c4   Code   RO         3041    x$fpl$fadd          fz_ws.l(faddsub_clz.o)
    0x08006678   0x00000018   Code   RO         3122    x$fpl$fcmpinf       fz_ws.l(fcmpi.o)
    0x08006690   0x00000184   Code   RO         3048    x$fpl$fdiv          fz_ws.l(fdiv.o)
    0x08006814   0x00000068   Code   RO         3051    x$fpl$feqf          fz_ws.l(feqf.o)
    0x0800687c   0x00000036   Code   RO         3053    x$fpl$ffix          fz_ws.l(ffix.o)
    0x080068b2   0x00000002   PAD
    0x080068b4   0x0000003e   Code   RO         3057    x$fpl$ffixu         fz_ws.l(ffixu.o)
    0x080068f2   0x00000002   PAD
    0x080068f4   0x00000030   Code   RO         3062    x$fpl$fflt          fz_ws.l(fflt_clz.o)
    0x08006924   0x00000068   Code   RO         3067    x$fpl$fleqf         fz_ws.l(fleqf.o)
    0x0800698c   0x00000102   Code   RO         3069    x$fpl$fmul          fz_ws.l(fmul.o)
    0x08006a8e   0x0000008c   Code   RO         3124    x$fpl$fnaninf       fz_ws.l(fnaninf.o)
    0x08006b1a   0x0000000a   Code   RO         3126    x$fpl$fretinf       fz_ws.l(fretinf.o)
    0x08006b24   0x00000062   Code   RO         3071    x$fpl$frleqf        fz_ws.l(frleqf.o)
    0x08006b86   0x00000014   Code   RO         3042    x$fpl$frsb          fz_ws.l(faddsub_clz.o)
    0x08006b9a   0x00000002   PAD
    0x08006b9c   0x000000ea   Code   RO         3043    x$fpl$fsub          fz_ws.l(faddsub_clz.o)
    0x08006c86   0x00000002   PAD
    0x08006c88   0x000000c2   Code   RO         3023    x$fpl$llsfromd      fz_ws.l(dfixll.o)
    0x08006d4a   0x00000064   Code   RO         3197    x$fpl$retnan        fz_ws.l(retnan.o)
    0x08006dae   0x0000005c   Code   RO         3128    x$fpl$scalbn        fz_ws.l(scalbn.o)
    0x08006e0a   0x00000030   Code   RO         3246    x$fpl$trapveneer    fz_ws.l(trapv.o)
    0x08006e3a   0x00000000   Code   RO         3130    x$fpl$usenofp       fz_ws.l(usenofp.o)
    0x08006e3a   0x00000006   PAD
    0x08006e40   0x00000050   Data   RO         3075    .constdata          m_ws.l(asin.o)
    0x08006e90   0x00000088   Data   RO         3093    .constdata          m_ws.l(pow.o)
    0x08006f18   0x00000098   Data   RO         3133    .constdata          m_ws.l(atan.o)
    0x08006fb0   0x00000008   Data   RO         3159    .constdata          m_ws.l(qnan.o)
    0x08006fb8   0x00000020   Data   RO         3324    Region$$Table       anon$$obj.o


    Execution Region RW_IRAM1 (Base: 0x20000000, Size: 0x00000c58, Max: 0x00005000, ABSOLUTE, COMPRESSED[0x00000090])

    Base Addr    Size         Type   Attr      Idx    E Section Name        Object

    0x20000000   0x0000003d   Data   RW            4    .data               main.o
    0x2000003d   0x00000001   PAD
    0x2000003e   0x00000025   Data   RW          140    .data               stm32f10x_it.o
    0x20000063   0x00000001   PAD
    0x20000064   0x00000014   Data   RW          220    .data               system_stm32f10x.o
    0x20000078   0x0000001c   Data   RW          252    .data               control.o
    0x20000094   0x0000000d   Data   RW          283    .data               data_transfer.o
    0x200000a1   0x00000003   PAD
    0x200000a4   0x00000025   Data   RW          362    .data               ahrs_imu.o
    0x200000c9   0x00000002   Data   RW          390    .data               rc.o
    0x200000cb   0x00000001   PAD
    0x200000cc   0x0000002d   Data   RW          411    .data               mpu6050.o
    0x200000f9   0x00000003   PAD
    0x200000fc   0x0000001d   Data   RW          615    .data               ms5611.o
    0x20000119   0x00000001   PAD
    0x2000011a   0x00000008   Data   RW          711    .data               tim_in.o
    0x20000122   0x00000002   PAD
    0x20000124   0x00000004   Data   RW          865    .data               systick.o
    0x20000128   0x0000007c   Data   RW          942    .data               eeprom.o
    0x200001a4   0x00000020   Zero   RW            3    .bss                main.o
    0x200001c4   0x00000132   Zero   RW          139    .bss                stm32f10x_it.o
    0x200002f6   0x00000002   PAD
    0x200002f8   0x00000220   Zero   RW          251    .bss                control.o
    0x20000518   0x00000032   Zero   RW          282    .bss                data_transfer.o
    0x2000054a   0x00000078   Zero   RW          361    .bss                ahrs_imu.o
    0x200005c2   0x0000000e   Zero   RW          410    .bss                mpu6050.o
    0x200005d0   0x0000000e   Zero   RW          614    .bss                ms5611.o
    0x200005de   0x00000014   Zero   RW          710    .bss                tim_in.o
    0x200005f2   0x00000002   PAD
    0x200005f4   0x00000060   Zero   RW         3185    .bss                c_w.l(libspace.o)
    0x20000654   0x00000004   PAD
    0x20000658   0x00000200   Zero   RW         1098    HEAP                startup_stm32f10x_md.o
    0x20000858   0x00000400   Zero   RW         1097    STACK               startup_stm32f10x_md.o


==============================================================================

Image component sizes


      Code (inc. data)   RO Data    RW Data    ZI Data      Debug   Object Name

      1736         94          0         37        120       3395   ahrs_imu.o
       802         38          0          0          0       5963   analog_iic.o
       904         66          0         28        544       5003   control.o
         0          0          0          0          0         32   core_cm3.o
      4346        276          0         13         50      11655   data_transfer.o
      1276        120          0        124          0       8032   eeprom.o
       104         14          0          0          0        934   led.o
       580         98          0         61         32     254125   main.o
       112         12          0          0          0       1032   misc.o
       460         32          0          0          0       2514   motors.o
       834         64          0         45         14       7161   mpu6050.o
      1078        110          0         29         14       4814   ms5611.o
       284         14          0          2          0       1017   rc.o
        64         26        236          0       1536        796   startup_stm32f10x_md.o
       230         12          0          0          0       2486   stm32f10x_flash.o
       286          0          0          0          0       3052   stm32f10x_gpio.o
      1116        124          0         37        306       7730   stm32f10x_it.o
       128         24          0          0          0       2308   stm32f10x_rcc.o
      2262        254          0          0          0      20363   stm32f10x_tim.o
       110          0          0          0          0       3443   stm32f10x_usart.o
       328         28          0         20          0       2197   system_stm32f10x.o
       152         22          0          4          0      17237   systick.o
       392         22          0          8         20       5608   tim_in.o
       104          4          0          0          0        604   timer.o
        76         12          0          0          0        632   usart.o

    ----------------------------------------------------------------------
     17790       1466        268        420       2640     372133   Object Totals
         0          0         32          0          0          0   (incl. Generated)
        26          0          0         12          4          0   (incl. Padding)

    ----------------------------------------------------------------------

      Code (inc. data)   RO Data    RW Data    ZI Data      Debug   Library Member Name

        58          0          0          0          0          0   __dczerorl.o
         8          0          0          0          0         68   __main.o
         0          0          0          0          0          0   __rtentry.o
        12          0          0          0          0          0   __rtentry2.o
         6          0          0          0          0          0   __rtentry4.o
        52          8          0          0          0          0   __scatter.o
        28          0          0          0          0          0   __scatter_zi.o
        22          0          0          0          0        100   _rserrno.o
        12          0          0          0          0         72   exit.o
         6          0          0          0          0        152   heapauxi.o
         0          0          0          0          0          0   indicate_semi.o
         2          0          0          0          0          0   libinit.o
         2          0          0          0          0          0   libinit2.o
         2          0          0          0          0          0   libshutdown.o
         2          0          0          0          0          0   libshutdown2.o
         8          4          0          0         96         68   libspace.o
         8          4          0          0          0         68   rt_errno_addr_intlibspace.o
         2          0          0          0          0          0   rtexit.o
        10          0          0          0          0          0   rtexit2.o
        12          4          0          0          0         68   sys_exit.o
        74          0          0          0          0         80   sys_stackheap_outer.o
         2          0          0          0          0         68   use_no_semi.o
        98          4          0          0          0         92   d2f.o
       826         16          0          0          0        348   daddsub_clz.o
        16          4          0          0          0         68   dcheck1.o
        24          0          0          0          0         68   dcmpi.o
       688        140          0          0          0        208   ddiv.o
        94          4          0          0          0         92   dfix.o
       194          4          0          0          0        116   dfixll.o
        84          0          0          0          0        136   dflt_clz.o
       162          0          0          0          0         84   dfltll_clz.o
       120          4          0          0          0         92   dleqf.o
       340         12          0          0          0        104   dmul.o
       156          4          0          0          0         92   dnaninf.o
        12          0          0          0          0         68   dretinf.o
       108          0          0          0          0         80   drleqf.o
       460         56          0          0          0        120   dsqrt_noumaal.o
        86          4          0          0          0         84   f2d.o
       450          8          0          0          0        236   faddsub_clz.o
        24          0          0          0          0         68   fcmpi.o
       388         76          0          0          0         96   fdiv.o
       104          4          0          0          0         84   feqf.o
        54          4          0          0          0         84   ffix.o
        62          4          0          0          0         84   ffixu.o
        48          0          0          0          0         68   fflt_clz.o
       104          4          0          0          0         84   fleqf.o
       258          4          0          0          0         84   fmul.o
       140          4          0          0          0         84   fnaninf.o
        10          0          0          0          0         68   fretinf.o
        98          0          0          0          0         68   frleqf.o
       100          0          0          0          0         68   retnan.o
        92          0          0          0          0         68   scalbn.o
        48          0          0          0          0         68   trapv.o
         0          0          0          0          0          0   usenofp.o
       624         52         80          0          0        168   asin.o
       544         70        152          0          0        124   atan.o
       384         38          0          0          0        144   atan2.o
        68         10          0          0          0        408   dunder.o
        40          0          0          0          0         68   fpclassify.o
       170          0          0          0          0         96   poly.o
      2488        190        136          0          0        300   pow.o
         0          0          8          0          0          0   qnan.o
        76          0          0          0          0         84   sqrt.o

    ----------------------------------------------------------------------
     10198        740        376          0        100       5300   Library Totals
        28          0          0          0          4          0   (incl. Padding)

    ----------------------------------------------------------------------

      Code (inc. data)   RO Data    RW Data    ZI Data      Debug   Library Name

       328         20          0          0         96        744   c_w.l
      5448        360          0          0          0       3164   fz_ws.l
      4394        360        376          0          0       1392   m_ws.l

    ----------------------------------------------------------------------
     10198        740        376          0        100       5300   Library Totals

    ----------------------------------------------------------------------

==============================================================================


      Code (inc. data)   RO Data    RW Data    ZI Data      Debug   

     27988       2206        644        420       2740     368433   Grand Totals
     27988       2206        644        144       2740     368433   ELF Image Totals (compressed)
     27988       2206        644        144          0          0   ROM Totals

==============================================================================

    Total RO  Size (Code + RO Data)                28632 (  27.96kB)
    Total RW  Size (RW Data + ZI Data)              3160 (   3.09kB)
    Total ROM Size (Code + RO Data + RW Data)      28776 (  28.10kB)

==============================================================================

